<?xml version="1.0" encoding="UTF-8"?>
<testsuites>
  <testsuite name="/app/phpunit-ci.xml" tests="241" assertions="5017" errors="0" failures="0" skipped="0" time="40.555327">
    <testsuite name="Unit" tests="64" assertions="69" errors="0" failures="0" skipped="0" time="2.277781">
      <testsuite name="Tests\Unit\Playground\Crm\Api\Http\Requests\Client\CreateRequestTest" file="/app/tests/Unit/Http/Requests/Client/CreateRequestTest.php" tests="1" assertions="1" errors="0" failures="0" skipped="0" time="0.164574">
        <testcase name="test_request_instance" file="/app/vendor/gammamatrix/playground-test/src/Unit/Http/Requests/RequestCase.php" line="42" class="Tests\Unit\Playground\Crm\Api\Http\Requests\Client\CreateRequestTest" classname="Tests.Unit.Playground.Crm.Api.Http.Requests.Client.CreateRequestTest" assertions="1" time="0.164574"/>
      </testsuite>
      <testsuite name="Tests\Unit\Playground\Crm\Api\Http\Requests\Client\DestroyRequestTest" file="/app/tests/Unit/Http/Requests/Client/DestroyRequestTest.php" tests="1" assertions="1" errors="0" failures="0" skipped="0" time="0.034862">
        <testcase name="test_request_instance" file="/app/vendor/gammamatrix/playground-test/src/Unit/Http/Requests/RequestCase.php" line="42" class="Tests\Unit\Playground\Crm\Api\Http\Requests\Client\DestroyRequestTest" classname="Tests.Unit.Playground.Crm.Api.Http.Requests.Client.DestroyRequestTest" assertions="1" time="0.034862"/>
      </testsuite>
      <testsuite name="Tests\Unit\Playground\Crm\Api\Http\Requests\Client\EditRequestTest" file="/app/tests/Unit/Http/Requests/Client/EditRequestTest.php" tests="1" assertions="1" errors="0" failures="0" skipped="0" time="0.033530">
        <testcase name="test_request_instance" file="/app/vendor/gammamatrix/playground-test/src/Unit/Http/Requests/RequestCase.php" line="42" class="Tests\Unit\Playground\Crm\Api\Http\Requests\Client\EditRequestTest" classname="Tests.Unit.Playground.Crm.Api.Http.Requests.Client.EditRequestTest" assertions="1" time="0.033530"/>
      </testsuite>
      <testsuite name="Tests\Unit\Playground\Crm\Api\Http\Requests\Client\IndexRequestTest" file="/app/tests/Unit/Http/Requests/Client/IndexRequestTest.php" tests="1" assertions="1" errors="0" failures="0" skipped="0" time="0.034873">
        <testcase name="test_request_instance" file="/app/vendor/gammamatrix/playground-test/src/Unit/Http/Requests/RequestCase.php" line="42" class="Tests\Unit\Playground\Crm\Api\Http\Requests\Client\IndexRequestTest" classname="Tests.Unit.Playground.Crm.Api.Http.Requests.Client.IndexRequestTest" assertions="1" time="0.034873"/>
      </testsuite>
      <testsuite name="Tests\Unit\Playground\Crm\Api\Http\Requests\Client\LockRequestTest" file="/app/tests/Unit/Http/Requests/Client/LockRequestTest.php" tests="1" assertions="1" errors="0" failures="0" skipped="0" time="0.033745">
        <testcase name="test_request_instance" file="/app/vendor/gammamatrix/playground-test/src/Unit/Http/Requests/RequestCase.php" line="42" class="Tests\Unit\Playground\Crm\Api\Http\Requests\Client\LockRequestTest" classname="Tests.Unit.Playground.Crm.Api.Http.Requests.Client.LockRequestTest" assertions="1" time="0.033745"/>
      </testsuite>
      <testsuite name="Tests\Unit\Playground\Crm\Api\Http\Requests\Client\RestoreRequestTest" file="/app/tests/Unit/Http/Requests/Client/RestoreRequestTest.php" tests="1" assertions="1" errors="0" failures="0" skipped="0" time="0.034553">
        <testcase name="test_request_instance" file="/app/vendor/gammamatrix/playground-test/src/Unit/Http/Requests/RequestCase.php" line="42" class="Tests\Unit\Playground\Crm\Api\Http\Requests\Client\RestoreRequestTest" classname="Tests.Unit.Playground.Crm.Api.Http.Requests.Client.RestoreRequestTest" assertions="1" time="0.034553"/>
      </testsuite>
      <testsuite name="Tests\Unit\Playground\Crm\Api\Http\Requests\Client\ShowRequestTest" file="/app/tests/Unit/Http/Requests/Client/ShowRequestTest.php" tests="1" assertions="1" errors="0" failures="0" skipped="0" time="0.034578">
        <testcase name="test_request_instance" file="/app/vendor/gammamatrix/playground-test/src/Unit/Http/Requests/RequestCase.php" line="42" class="Tests\Unit\Playground\Crm\Api\Http\Requests\Client\ShowRequestTest" classname="Tests.Unit.Playground.Crm.Api.Http.Requests.Client.ShowRequestTest" assertions="1" time="0.034578"/>
      </testsuite>
      <testsuite name="Tests\Unit\Playground\Crm\Api\Http\Requests\Client\StoreRequestTest" file="/app/tests/Unit/Http/Requests/Client/StoreRequestTest.php" tests="1" assertions="1" errors="0" failures="0" skipped="0" time="0.034505">
        <testcase name="test_request_instance" file="/app/vendor/gammamatrix/playground-test/src/Unit/Http/Requests/RequestCase.php" line="42" class="Tests\Unit\Playground\Crm\Api\Http\Requests\Client\StoreRequestTest" classname="Tests.Unit.Playground.Crm.Api.Http.Requests.Client.StoreRequestTest" assertions="1" time="0.034505"/>
      </testsuite>
      <testsuite name="Tests\Unit\Playground\Crm\Api\Http\Requests\Client\UnlockRequestTest" file="/app/tests/Unit/Http/Requests/Client/UnlockRequestTest.php" tests="1" assertions="1" errors="0" failures="0" skipped="0" time="0.034910">
        <testcase name="test_request_instance" file="/app/vendor/gammamatrix/playground-test/src/Unit/Http/Requests/RequestCase.php" line="42" class="Tests\Unit\Playground\Crm\Api\Http\Requests\Client\UnlockRequestTest" classname="Tests.Unit.Playground.Crm.Api.Http.Requests.Client.UnlockRequestTest" assertions="1" time="0.034910"/>
      </testsuite>
      <testsuite name="Tests\Unit\Playground\Crm\Api\Http\Requests\Client\UpdateRequestTest" file="/app/tests/Unit/Http/Requests/Client/UpdateRequestTest.php" tests="1" assertions="1" errors="0" failures="0" skipped="0" time="0.033583">
        <testcase name="test_request_instance" file="/app/vendor/gammamatrix/playground-test/src/Unit/Http/Requests/RequestCase.php" line="42" class="Tests\Unit\Playground\Crm\Api\Http\Requests\Client\UpdateRequestTest" classname="Tests.Unit.Playground.Crm.Api.Http.Requests.Client.UpdateRequestTest" assertions="1" time="0.033583"/>
      </testsuite>
      <testsuite name="Tests\Unit\Playground\Crm\Api\Http\Requests\Contact\CreateRequestTest" file="/app/tests/Unit/Http/Requests/Contact/CreateRequestTest.php" tests="1" assertions="1" errors="0" failures="0" skipped="0" time="0.034199">
        <testcase name="test_request_instance" file="/app/vendor/gammamatrix/playground-test/src/Unit/Http/Requests/RequestCase.php" line="42" class="Tests\Unit\Playground\Crm\Api\Http\Requests\Contact\CreateRequestTest" classname="Tests.Unit.Playground.Crm.Api.Http.Requests.Contact.CreateRequestTest" assertions="1" time="0.034199"/>
      </testsuite>
      <testsuite name="Tests\Unit\Playground\Crm\Api\Http\Requests\Contact\DestroyRequestTest" file="/app/tests/Unit/Http/Requests/Contact/DestroyRequestTest.php" tests="1" assertions="1" errors="0" failures="0" skipped="0" time="0.034211">
        <testcase name="test_request_instance" file="/app/vendor/gammamatrix/playground-test/src/Unit/Http/Requests/RequestCase.php" line="42" class="Tests\Unit\Playground\Crm\Api\Http\Requests\Contact\DestroyRequestTest" classname="Tests.Unit.Playground.Crm.Api.Http.Requests.Contact.DestroyRequestTest" assertions="1" time="0.034211"/>
      </testsuite>
      <testsuite name="Tests\Unit\Playground\Crm\Api\Http\Requests\Contact\EditRequestTest" file="/app/tests/Unit/Http/Requests/Contact/EditRequestTest.php" tests="1" assertions="1" errors="0" failures="0" skipped="0" time="0.036384">
        <testcase name="test_request_instance" file="/app/vendor/gammamatrix/playground-test/src/Unit/Http/Requests/RequestCase.php" line="42" class="Tests\Unit\Playground\Crm\Api\Http\Requests\Contact\EditRequestTest" classname="Tests.Unit.Playground.Crm.Api.Http.Requests.Contact.EditRequestTest" assertions="1" time="0.036384"/>
      </testsuite>
      <testsuite name="Tests\Unit\Playground\Crm\Api\Http\Requests\Contact\IndexRequestTest" file="/app/tests/Unit/Http/Requests/Contact/IndexRequestTest.php" tests="1" assertions="1" errors="0" failures="0" skipped="0" time="0.033730">
        <testcase name="test_request_instance" file="/app/vendor/gammamatrix/playground-test/src/Unit/Http/Requests/RequestCase.php" line="42" class="Tests\Unit\Playground\Crm\Api\Http\Requests\Contact\IndexRequestTest" classname="Tests.Unit.Playground.Crm.Api.Http.Requests.Contact.IndexRequestTest" assertions="1" time="0.033730"/>
      </testsuite>
      <testsuite name="Tests\Unit\Playground\Crm\Api\Http\Requests\Contact\LockRequestTest" file="/app/tests/Unit/Http/Requests/Contact/LockRequestTest.php" tests="1" assertions="1" errors="0" failures="0" skipped="0" time="0.033559">
        <testcase name="test_request_instance" file="/app/vendor/gammamatrix/playground-test/src/Unit/Http/Requests/RequestCase.php" line="42" class="Tests\Unit\Playground\Crm\Api\Http\Requests\Contact\LockRequestTest" classname="Tests.Unit.Playground.Crm.Api.Http.Requests.Contact.LockRequestTest" assertions="1" time="0.033559"/>
      </testsuite>
      <testsuite name="Tests\Unit\Playground\Crm\Api\Http\Requests\Contact\RestoreRequestTest" file="/app/tests/Unit/Http/Requests/Contact/RestoreRequestTest.php" tests="1" assertions="1" errors="0" failures="0" skipped="0" time="0.033238">
        <testcase name="test_request_instance" file="/app/vendor/gammamatrix/playground-test/src/Unit/Http/Requests/RequestCase.php" line="42" class="Tests\Unit\Playground\Crm\Api\Http\Requests\Contact\RestoreRequestTest" classname="Tests.Unit.Playground.Crm.Api.Http.Requests.Contact.RestoreRequestTest" assertions="1" time="0.033238"/>
      </testsuite>
      <testsuite name="Tests\Unit\Playground\Crm\Api\Http\Requests\Contact\ShowRequestTest" file="/app/tests/Unit/Http/Requests/Contact/ShowRequestTest.php" tests="1" assertions="1" errors="0" failures="0" skipped="0" time="0.032908">
        <testcase name="test_request_instance" file="/app/vendor/gammamatrix/playground-test/src/Unit/Http/Requests/RequestCase.php" line="42" class="Tests\Unit\Playground\Crm\Api\Http\Requests\Contact\ShowRequestTest" classname="Tests.Unit.Playground.Crm.Api.Http.Requests.Contact.ShowRequestTest" assertions="1" time="0.032908"/>
      </testsuite>
      <testsuite name="Tests\Unit\Playground\Crm\Api\Http\Requests\Contact\StoreRequestTest" file="/app/tests/Unit/Http/Requests/Contact/StoreRequestTest.php" tests="1" assertions="1" errors="0" failures="0" skipped="0" time="0.033088">
        <testcase name="test_request_instance" file="/app/vendor/gammamatrix/playground-test/src/Unit/Http/Requests/RequestCase.php" line="42" class="Tests\Unit\Playground\Crm\Api\Http\Requests\Contact\StoreRequestTest" classname="Tests.Unit.Playground.Crm.Api.Http.Requests.Contact.StoreRequestTest" assertions="1" time="0.033088"/>
      </testsuite>
      <testsuite name="Tests\Unit\Playground\Crm\Api\Http\Requests\Contact\UnlockRequestTest" file="/app/tests/Unit/Http/Requests/Contact/UnlockRequestTest.php" tests="1" assertions="1" errors="0" failures="0" skipped="0" time="0.032938">
        <testcase name="test_request_instance" file="/app/vendor/gammamatrix/playground-test/src/Unit/Http/Requests/RequestCase.php" line="42" class="Tests\Unit\Playground\Crm\Api\Http\Requests\Contact\UnlockRequestTest" classname="Tests.Unit.Playground.Crm.Api.Http.Requests.Contact.UnlockRequestTest" assertions="1" time="0.032938"/>
      </testsuite>
      <testsuite name="Tests\Unit\Playground\Crm\Api\Http\Requests\Contact\UpdateRequestTest" file="/app/tests/Unit/Http/Requests/Contact/UpdateRequestTest.php" tests="1" assertions="1" errors="0" failures="0" skipped="0" time="0.032834">
        <testcase name="test_request_instance" file="/app/vendor/gammamatrix/playground-test/src/Unit/Http/Requests/RequestCase.php" line="42" class="Tests\Unit\Playground\Crm\Api\Http\Requests\Contact\UpdateRequestTest" classname="Tests.Unit.Playground.Crm.Api.Http.Requests.Contact.UpdateRequestTest" assertions="1" time="0.032834"/>
      </testsuite>
      <testsuite name="Tests\Unit\Playground\Crm\Api\Http\Requests\FormRequest\InstanceTest" file="/app/tests/Unit/Http/Requests/FormRequest/InstanceTest.php" tests="5" assertions="6" errors="0" failures="0" skipped="0" time="0.192552">
        <testcase name="test_form_request_authorize_without_user" file="/app/tests/Unit/Http/Requests/FormRequest/InstanceTest.php" line="23" class="Tests\Unit\Playground\Crm\Api\Http\Requests\FormRequest\InstanceTest" classname="Tests.Unit.Playground.Crm.Api.Http.Requests.FormRequest.InstanceTest" assertions="1" time="0.032161"/>
        <testcase name="test_rules_is_empty_by_default" file="/app/tests/Unit/Http/Requests/FormRequest/InstanceTest.php" line="30" class="Tests\Unit\Playground\Crm\Api\Http\Requests\FormRequest\InstanceTest" classname="Tests.Unit.Playground.Crm.Api.Http.Requests.FormRequest.InstanceTest" assertions="2" time="0.032616"/>
        <testcase name="test_user_has_admin_privileges_without_user" file="/app/tests/Unit/Http/Requests/FormRequest/InstanceTest.php" line="38" class="Tests\Unit\Playground\Crm\Api\Http\Requests\FormRequest\InstanceTest" classname="Tests.Unit.Playground.Crm.Api.Http.Requests.FormRequest.InstanceTest" assertions="1" time="0.032589"/>
        <testcase name="test_user_has_admin_privileges_with_admin" file="/app/tests/Unit/Http/Requests/FormRequest/InstanceTest.php" line="45" class="Tests\Unit\Playground\Crm\Api\Http\Requests\FormRequest\InstanceTest" classname="Tests.Unit.Playground.Crm.Api.Http.Requests.FormRequest.InstanceTest" assertions="1" time="0.054329"/>
        <testcase name="test_user_has_admin_privileges_with_default_laravel_user" file="/app/tests/Unit/Http/Requests/FormRequest/InstanceTest.php" line="57" class="Tests\Unit\Playground\Crm\Api\Http\Requests\FormRequest\InstanceTest" classname="Tests.Unit.Playground.Crm.Api.Http.Requests.FormRequest.InstanceTest" assertions="1" time="0.040858"/>
      </testsuite>
      <testsuite name="Tests\Unit\Playground\Crm\Api\Http\Requests\Location\CreateRequestTest" file="/app/tests/Unit/Http/Requests/Location/CreateRequestTest.php" tests="1" assertions="1" errors="0" failures="0" skipped="0" time="0.032568">
        <testcase name="test_request_instance" file="/app/vendor/gammamatrix/playground-test/src/Unit/Http/Requests/RequestCase.php" line="42" class="Tests\Unit\Playground\Crm\Api\Http\Requests\Location\CreateRequestTest" classname="Tests.Unit.Playground.Crm.Api.Http.Requests.Location.CreateRequestTest" assertions="1" time="0.032568"/>
      </testsuite>
      <testsuite name="Tests\Unit\Playground\Crm\Api\Http\Requests\Location\DestroyRequestTest" file="/app/tests/Unit/Http/Requests/Location/DestroyRequestTest.php" tests="1" assertions="1" errors="0" failures="0" skipped="0" time="0.032021">
        <testcase name="test_request_instance" file="/app/vendor/gammamatrix/playground-test/src/Unit/Http/Requests/RequestCase.php" line="42" class="Tests\Unit\Playground\Crm\Api\Http\Requests\Location\DestroyRequestTest" classname="Tests.Unit.Playground.Crm.Api.Http.Requests.Location.DestroyRequestTest" assertions="1" time="0.032021"/>
      </testsuite>
      <testsuite name="Tests\Unit\Playground\Crm\Api\Http\Requests\Location\EditRequestTest" file="/app/tests/Unit/Http/Requests/Location/EditRequestTest.php" tests="1" assertions="1" errors="0" failures="0" skipped="0" time="0.031960">
        <testcase name="test_request_instance" file="/app/vendor/gammamatrix/playground-test/src/Unit/Http/Requests/RequestCase.php" line="42" class="Tests\Unit\Playground\Crm\Api\Http\Requests\Location\EditRequestTest" classname="Tests.Unit.Playground.Crm.Api.Http.Requests.Location.EditRequestTest" assertions="1" time="0.031960"/>
      </testsuite>
      <testsuite name="Tests\Unit\Playground\Crm\Api\Http\Requests\Location\IndexRequestTest" file="/app/tests/Unit/Http/Requests/Location/IndexRequestTest.php" tests="1" assertions="1" errors="0" failures="0" skipped="0" time="0.032916">
        <testcase name="test_request_instance" file="/app/vendor/gammamatrix/playground-test/src/Unit/Http/Requests/RequestCase.php" line="42" class="Tests\Unit\Playground\Crm\Api\Http\Requests\Location\IndexRequestTest" classname="Tests.Unit.Playground.Crm.Api.Http.Requests.Location.IndexRequestTest" assertions="1" time="0.032916"/>
      </testsuite>
      <testsuite name="Tests\Unit\Playground\Crm\Api\Http\Requests\Location\LockRequestTest" file="/app/tests/Unit/Http/Requests/Location/LockRequestTest.php" tests="1" assertions="1" errors="0" failures="0" skipped="0" time="0.032217">
        <testcase name="test_request_instance" file="/app/vendor/gammamatrix/playground-test/src/Unit/Http/Requests/RequestCase.php" line="42" class="Tests\Unit\Playground\Crm\Api\Http\Requests\Location\LockRequestTest" classname="Tests.Unit.Playground.Crm.Api.Http.Requests.Location.LockRequestTest" assertions="1" time="0.032217"/>
      </testsuite>
      <testsuite name="Tests\Unit\Playground\Crm\Api\Http\Requests\Location\RestoreRequestTest" file="/app/tests/Unit/Http/Requests/Location/RestoreRequestTest.php" tests="1" assertions="1" errors="0" failures="0" skipped="0" time="0.031980">
        <testcase name="test_request_instance" file="/app/vendor/gammamatrix/playground-test/src/Unit/Http/Requests/RequestCase.php" line="42" class="Tests\Unit\Playground\Crm\Api\Http\Requests\Location\RestoreRequestTest" classname="Tests.Unit.Playground.Crm.Api.Http.Requests.Location.RestoreRequestTest" assertions="1" time="0.031980"/>
      </testsuite>
      <testsuite name="Tests\Unit\Playground\Crm\Api\Http\Requests\Location\ShowRequestTest" file="/app/tests/Unit/Http/Requests/Location/ShowRequestTest.php" tests="1" assertions="1" errors="0" failures="0" skipped="0" time="0.033708">
        <testcase name="test_request_instance" file="/app/vendor/gammamatrix/playground-test/src/Unit/Http/Requests/RequestCase.php" line="42" class="Tests\Unit\Playground\Crm\Api\Http\Requests\Location\ShowRequestTest" classname="Tests.Unit.Playground.Crm.Api.Http.Requests.Location.ShowRequestTest" assertions="1" time="0.033708"/>
      </testsuite>
      <testsuite name="Tests\Unit\Playground\Crm\Api\Http\Requests\Location\StoreRequestTest" file="/app/tests/Unit/Http/Requests/Location/StoreRequestTest.php" tests="1" assertions="1" errors="0" failures="0" skipped="0" time="0.032163">
        <testcase name="test_request_instance" file="/app/vendor/gammamatrix/playground-test/src/Unit/Http/Requests/RequestCase.php" line="42" class="Tests\Unit\Playground\Crm\Api\Http\Requests\Location\StoreRequestTest" classname="Tests.Unit.Playground.Crm.Api.Http.Requests.Location.StoreRequestTest" assertions="1" time="0.032163"/>
      </testsuite>
      <testsuite name="Tests\Unit\Playground\Crm\Api\Http\Requests\Location\UnlockRequestTest" file="/app/tests/Unit/Http/Requests/Location/UnlockRequestTest.php" tests="1" assertions="1" errors="0" failures="0" skipped="0" time="0.032636">
        <testcase name="test_request_instance" file="/app/vendor/gammamatrix/playground-test/src/Unit/Http/Requests/RequestCase.php" line="42" class="Tests\Unit\Playground\Crm\Api\Http\Requests\Location\UnlockRequestTest" classname="Tests.Unit.Playground.Crm.Api.Http.Requests.Location.UnlockRequestTest" assertions="1" time="0.032636"/>
      </testsuite>
      <testsuite name="Tests\Unit\Playground\Crm\Api\Http\Requests\Location\UpdateRequestTest" file="/app/tests/Unit/Http/Requests/Location/UpdateRequestTest.php" tests="1" assertions="1" errors="0" failures="0" skipped="0" time="0.031750">
        <testcase name="test_request_instance" file="/app/vendor/gammamatrix/playground-test/src/Unit/Http/Requests/RequestCase.php" line="42" class="Tests\Unit\Playground\Crm\Api\Http\Requests\Location\UpdateRequestTest" classname="Tests.Unit.Playground.Crm.Api.Http.Requests.Location.UpdateRequestTest" assertions="1" time="0.031750"/>
      </testsuite>
      <testsuite name="Tests\Unit\Playground\Crm\Api\Http\Requests\Organization\CreateRequestTest" file="/app/tests/Unit/Http/Requests/Organization/CreateRequestTest.php" tests="1" assertions="1" errors="0" failures="0" skipped="0" time="0.032102">
        <testcase name="test_request_instance" file="/app/vendor/gammamatrix/playground-test/src/Unit/Http/Requests/RequestCase.php" line="42" class="Tests\Unit\Playground\Crm\Api\Http\Requests\Organization\CreateRequestTest" classname="Tests.Unit.Playground.Crm.Api.Http.Requests.Organization.CreateRequestTest" assertions="1" time="0.032102"/>
      </testsuite>
      <testsuite name="Tests\Unit\Playground\Crm\Api\Http\Requests\Organization\DestroyRequestTest" file="/app/tests/Unit/Http/Requests/Organization/DestroyRequestTest.php" tests="1" assertions="1" errors="0" failures="0" skipped="0" time="0.031763">
        <testcase name="test_request_instance" file="/app/vendor/gammamatrix/playground-test/src/Unit/Http/Requests/RequestCase.php" line="42" class="Tests\Unit\Playground\Crm\Api\Http\Requests\Organization\DestroyRequestTest" classname="Tests.Unit.Playground.Crm.Api.Http.Requests.Organization.DestroyRequestTest" assertions="1" time="0.031763"/>
      </testsuite>
      <testsuite name="Tests\Unit\Playground\Crm\Api\Http\Requests\Organization\EditRequestTest" file="/app/tests/Unit/Http/Requests/Organization/EditRequestTest.php" tests="1" assertions="1" errors="0" failures="0" skipped="0" time="0.032234">
        <testcase name="test_request_instance" file="/app/vendor/gammamatrix/playground-test/src/Unit/Http/Requests/RequestCase.php" line="42" class="Tests\Unit\Playground\Crm\Api\Http\Requests\Organization\EditRequestTest" classname="Tests.Unit.Playground.Crm.Api.Http.Requests.Organization.EditRequestTest" assertions="1" time="0.032234"/>
      </testsuite>
      <testsuite name="Tests\Unit\Playground\Crm\Api\Http\Requests\Organization\IndexRequestTest" file="/app/tests/Unit/Http/Requests/Organization/IndexRequestTest.php" tests="1" assertions="1" errors="0" failures="0" skipped="0" time="0.036343">
        <testcase name="test_request_instance" file="/app/vendor/gammamatrix/playground-test/src/Unit/Http/Requests/RequestCase.php" line="42" class="Tests\Unit\Playground\Crm\Api\Http\Requests\Organization\IndexRequestTest" classname="Tests.Unit.Playground.Crm.Api.Http.Requests.Organization.IndexRequestTest" assertions="1" time="0.036343"/>
      </testsuite>
      <testsuite name="Tests\Unit\Playground\Crm\Api\Http\Requests\Organization\LockRequestTest" file="/app/tests/Unit/Http/Requests/Organization/LockRequestTest.php" tests="1" assertions="1" errors="0" failures="0" skipped="0" time="0.031999">
        <testcase name="test_request_instance" file="/app/vendor/gammamatrix/playground-test/src/Unit/Http/Requests/RequestCase.php" line="42" class="Tests\Unit\Playground\Crm\Api\Http\Requests\Organization\LockRequestTest" classname="Tests.Unit.Playground.Crm.Api.Http.Requests.Organization.LockRequestTest" assertions="1" time="0.031999"/>
      </testsuite>
      <testsuite name="Tests\Unit\Playground\Crm\Api\Http\Requests\Organization\RestoreRequestTest" file="/app/tests/Unit/Http/Requests/Organization/RestoreRequestTest.php" tests="1" assertions="1" errors="0" failures="0" skipped="0" time="0.032464">
        <testcase name="test_request_instance" file="/app/vendor/gammamatrix/playground-test/src/Unit/Http/Requests/RequestCase.php" line="42" class="Tests\Unit\Playground\Crm\Api\Http\Requests\Organization\RestoreRequestTest" classname="Tests.Unit.Playground.Crm.Api.Http.Requests.Organization.RestoreRequestTest" assertions="1" time="0.032464"/>
      </testsuite>
      <testsuite name="Tests\Unit\Playground\Crm\Api\Http\Requests\Organization\ShowRequestTest" file="/app/tests/Unit/Http/Requests/Organization/ShowRequestTest.php" tests="1" assertions="1" errors="0" failures="0" skipped="0" time="0.032009">
        <testcase name="test_request_instance" file="/app/vendor/gammamatrix/playground-test/src/Unit/Http/Requests/RequestCase.php" line="42" class="Tests\Unit\Playground\Crm\Api\Http\Requests\Organization\ShowRequestTest" classname="Tests.Unit.Playground.Crm.Api.Http.Requests.Organization.ShowRequestTest" assertions="1" time="0.032009"/>
      </testsuite>
      <testsuite name="Tests\Unit\Playground\Crm\Api\Http\Requests\Organization\StoreRequestTest" file="/app/tests/Unit/Http/Requests/Organization/StoreRequestTest.php" tests="1" assertions="1" errors="0" failures="0" skipped="0" time="0.032267">
        <testcase name="test_request_instance" file="/app/vendor/gammamatrix/playground-test/src/Unit/Http/Requests/RequestCase.php" line="42" class="Tests\Unit\Playground\Crm\Api\Http\Requests\Organization\StoreRequestTest" classname="Tests.Unit.Playground.Crm.Api.Http.Requests.Organization.StoreRequestTest" assertions="1" time="0.032267"/>
      </testsuite>
      <testsuite name="Tests\Unit\Playground\Crm\Api\Http\Requests\Organization\UnlockRequestTest" file="/app/tests/Unit/Http/Requests/Organization/UnlockRequestTest.php" tests="1" assertions="1" errors="0" failures="0" skipped="0" time="0.031862">
        <testcase name="test_request_instance" file="/app/vendor/gammamatrix/playground-test/src/Unit/Http/Requests/RequestCase.php" line="42" class="Tests\Unit\Playground\Crm\Api\Http\Requests\Organization\UnlockRequestTest" classname="Tests.Unit.Playground.Crm.Api.Http.Requests.Organization.UnlockRequestTest" assertions="1" time="0.031862"/>
      </testsuite>
      <testsuite name="Tests\Unit\Playground\Crm\Api\Http\Requests\Organization\UpdateRequestTest" file="/app/tests/Unit/Http/Requests/Organization/UpdateRequestTest.php" tests="1" assertions="1" errors="0" failures="0" skipped="0" time="0.031961">
        <testcase name="test_request_instance" file="/app/vendor/gammamatrix/playground-test/src/Unit/Http/Requests/RequestCase.php" line="42" class="Tests\Unit\Playground\Crm\Api\Http\Requests\Organization\UpdateRequestTest" classname="Tests.Unit.Playground.Crm.Api.Http.Requests.Organization.UpdateRequestTest" assertions="1" time="0.031961"/>
      </testsuite>
      <testsuite name="Tests\Unit\Playground\Crm\Api\Http\Requests\People\CreateRequestTest" file="/app/tests/Unit/Http/Requests/People/CreateRequestTest.php" tests="1" assertions="1" errors="0" failures="0" skipped="0" time="0.032094">
        <testcase name="test_request_instance" file="/app/vendor/gammamatrix/playground-test/src/Unit/Http/Requests/RequestCase.php" line="42" class="Tests\Unit\Playground\Crm\Api\Http\Requests\People\CreateRequestTest" classname="Tests.Unit.Playground.Crm.Api.Http.Requests.People.CreateRequestTest" assertions="1" time="0.032094"/>
      </testsuite>
      <testsuite name="Tests\Unit\Playground\Crm\Api\Http\Requests\People\DestroyRequestTest" file="/app/tests/Unit/Http/Requests/People/DestroyRequestTest.php" tests="1" assertions="1" errors="0" failures="0" skipped="0" time="0.032276">
        <testcase name="test_request_instance" file="/app/vendor/gammamatrix/playground-test/src/Unit/Http/Requests/RequestCase.php" line="42" class="Tests\Unit\Playground\Crm\Api\Http\Requests\People\DestroyRequestTest" classname="Tests.Unit.Playground.Crm.Api.Http.Requests.People.DestroyRequestTest" assertions="1" time="0.032276"/>
      </testsuite>
      <testsuite name="Tests\Unit\Playground\Crm\Api\Http\Requests\People\EditRequestTest" file="/app/tests/Unit/Http/Requests/People/EditRequestTest.php" tests="1" assertions="1" errors="0" failures="0" skipped="0" time="0.031855">
        <testcase name="test_request_instance" file="/app/vendor/gammamatrix/playground-test/src/Unit/Http/Requests/RequestCase.php" line="42" class="Tests\Unit\Playground\Crm\Api\Http\Requests\People\EditRequestTest" classname="Tests.Unit.Playground.Crm.Api.Http.Requests.People.EditRequestTest" assertions="1" time="0.031855"/>
      </testsuite>
      <testsuite name="Tests\Unit\Playground\Crm\Api\Http\Requests\People\IndexRequestTest" file="/app/tests/Unit/Http/Requests/People/IndexRequestTest.php" tests="1" assertions="1" errors="0" failures="0" skipped="0" time="0.032144">
        <testcase name="test_request_instance" file="/app/vendor/gammamatrix/playground-test/src/Unit/Http/Requests/RequestCase.php" line="42" class="Tests\Unit\Playground\Crm\Api\Http\Requests\People\IndexRequestTest" classname="Tests.Unit.Playground.Crm.Api.Http.Requests.People.IndexRequestTest" assertions="1" time="0.032144"/>
      </testsuite>
      <testsuite name="Tests\Unit\Playground\Crm\Api\Http\Requests\People\LockRequestTest" file="/app/tests/Unit/Http/Requests/People/LockRequestTest.php" tests="1" assertions="1" errors="0" failures="0" skipped="0" time="0.032013">
        <testcase name="test_request_instance" file="/app/vendor/gammamatrix/playground-test/src/Unit/Http/Requests/RequestCase.php" line="42" class="Tests\Unit\Playground\Crm\Api\Http\Requests\People\LockRequestTest" classname="Tests.Unit.Playground.Crm.Api.Http.Requests.People.LockRequestTest" assertions="1" time="0.032013"/>
      </testsuite>
      <testsuite name="Tests\Unit\Playground\Crm\Api\Http\Requests\People\RestoreRequestTest" file="/app/tests/Unit/Http/Requests/People/RestoreRequestTest.php" tests="1" assertions="1" errors="0" failures="0" skipped="0" time="0.031917">
        <testcase name="test_request_instance" file="/app/vendor/gammamatrix/playground-test/src/Unit/Http/Requests/RequestCase.php" line="42" class="Tests\Unit\Playground\Crm\Api\Http\Requests\People\RestoreRequestTest" classname="Tests.Unit.Playground.Crm.Api.Http.Requests.People.RestoreRequestTest" assertions="1" time="0.031917"/>
      </testsuite>
      <testsuite name="Tests\Unit\Playground\Crm\Api\Http\Requests\People\ShowRequestTest" file="/app/tests/Unit/Http/Requests/People/ShowRequestTest.php" tests="1" assertions="1" errors="0" failures="0" skipped="0" time="0.032946">
        <testcase name="test_request_instance" file="/app/vendor/gammamatrix/playground-test/src/Unit/Http/Requests/RequestCase.php" line="42" class="Tests\Unit\Playground\Crm\Api\Http\Requests\People\ShowRequestTest" classname="Tests.Unit.Playground.Crm.Api.Http.Requests.People.ShowRequestTest" assertions="1" time="0.032946"/>
      </testsuite>
      <testsuite name="Tests\Unit\Playground\Crm\Api\Http\Requests\People\StoreRequestTest" file="/app/tests/Unit/Http/Requests/People/StoreRequestTest.php" tests="1" assertions="1" errors="0" failures="0" skipped="0" time="0.032151">
        <testcase name="test_request_instance" file="/app/vendor/gammamatrix/playground-test/src/Unit/Http/Requests/RequestCase.php" line="42" class="Tests\Unit\Playground\Crm\Api\Http\Requests\People\StoreRequestTest" classname="Tests.Unit.Playground.Crm.Api.Http.Requests.People.StoreRequestTest" assertions="1" time="0.032151"/>
      </testsuite>
      <testsuite name="Tests\Unit\Playground\Crm\Api\Http\Requests\People\UnlockRequestTest" file="/app/tests/Unit/Http/Requests/People/UnlockRequestTest.php" tests="1" assertions="1" errors="0" failures="0" skipped="0" time="0.032172">
        <testcase name="test_request_instance" file="/app/vendor/gammamatrix/playground-test/src/Unit/Http/Requests/RequestCase.php" line="42" class="Tests\Unit\Playground\Crm\Api\Http\Requests\People\UnlockRequestTest" classname="Tests.Unit.Playground.Crm.Api.Http.Requests.People.UnlockRequestTest" assertions="1" time="0.032172"/>
      </testsuite>
      <testsuite name="Tests\Unit\Playground\Crm\Api\Http\Requests\People\UpdateRequestTest" file="/app/tests/Unit/Http/Requests/People/UpdateRequestTest.php" tests="1" assertions="1" errors="0" failures="0" skipped="0" time="0.031979">
        <testcase name="test_request_instance" file="/app/vendor/gammamatrix/playground-test/src/Unit/Http/Requests/RequestCase.php" line="42" class="Tests\Unit\Playground\Crm\Api\Http\Requests\People\UpdateRequestTest" classname="Tests.Unit.Playground.Crm.Api.Http.Requests.People.UpdateRequestTest" assertions="1" time="0.031979"/>
      </testsuite>
      <testsuite name="Tests\Unit\Playground\Crm\Api\Policies\ClientPolicy\PolicyTest" file="/app/tests/Unit/Policies/ClientPolicy/PolicyTest.php" tests="1" assertions="1" errors="0" failures="0" skipped="0" time="0.042974">
        <testcase name="test_policy_instance" file="/app/tests/Unit/Policies/ClientPolicy/PolicyTest.php" line="21" class="Tests\Unit\Playground\Crm\Api\Policies\ClientPolicy\PolicyTest" classname="Tests.Unit.Playground.Crm.Api.Policies.ClientPolicy.PolicyTest" assertions="1" time="0.042974"/>
      </testsuite>
      <testsuite name="Tests\Unit\Playground\Crm\Api\Policies\ContactPolicy\PolicyTest" file="/app/tests/Unit/Policies/ContactPolicy/PolicyTest.php" tests="1" assertions="1" errors="0" failures="0" skipped="0" time="0.034599">
        <testcase name="test_policy_instance" file="/app/tests/Unit/Policies/ContactPolicy/PolicyTest.php" line="21" class="Tests\Unit\Playground\Crm\Api\Policies\ContactPolicy\PolicyTest" classname="Tests.Unit.Playground.Crm.Api.Policies.ContactPolicy.PolicyTest" assertions="1" time="0.034599"/>
      </testsuite>
      <testsuite name="Tests\Unit\Playground\Crm\Api\Policies\LocationPolicy\PolicyTest" file="/app/tests/Unit/Policies/LocationPolicy/PolicyTest.php" tests="1" assertions="1" errors="0" failures="0" skipped="0" time="0.032175">
        <testcase name="test_policy_instance" file="/app/tests/Unit/Policies/LocationPolicy/PolicyTest.php" line="21" class="Tests\Unit\Playground\Crm\Api\Policies\LocationPolicy\PolicyTest" classname="Tests.Unit.Playground.Crm.Api.Policies.LocationPolicy.PolicyTest" assertions="1" time="0.032175"/>
      </testsuite>
      <testsuite name="Tests\Unit\Playground\Crm\Api\Policies\OrganizationPolicy\PolicyTest" file="/app/tests/Unit/Policies/OrganizationPolicy/PolicyTest.php" tests="1" assertions="1" errors="0" failures="0" skipped="0" time="0.031564">
        <testcase name="test_policy_instance" file="/app/tests/Unit/Policies/OrganizationPolicy/PolicyTest.php" line="21" class="Tests\Unit\Playground\Crm\Api\Policies\OrganizationPolicy\PolicyTest" classname="Tests.Unit.Playground.Crm.Api.Policies.OrganizationPolicy.PolicyTest" assertions="1" time="0.031564"/>
      </testsuite>
      <testsuite name="Tests\Unit\Playground\Crm\Api\Policies\PeoplePolicy\PolicyTest" file="/app/tests/Unit/Policies/PeoplePolicy/PolicyTest.php" tests="1" assertions="1" errors="0" failures="0" skipped="0" time="0.031814">
        <testcase name="test_policy_instance" file="/app/tests/Unit/Policies/PeoplePolicy/PolicyTest.php" line="21" class="Tests\Unit\Playground\Crm\Api\Policies\PeoplePolicy\PolicyTest" classname="Tests.Unit.Playground.Crm.Api.Policies.PeoplePolicy.PolicyTest" assertions="1" time="0.031814"/>
      </testsuite>
      <testsuite name="Tests\Unit\Playground\Crm\Api\ServiceProvider\InstanceTest" file="/app/tests/Unit/ServiceProvider/InstanceTest.php" tests="4" assertions="8" errors="0" failures="0" skipped="0" time="0.130831">
        <testcase name="test_version_matches" file="/app/tests/Unit/ServiceProvider/InstanceTest.php" line="22" class="Tests\Unit\Playground\Crm\Api\ServiceProvider\InstanceTest" classname="Tests.Unit.Playground.Crm.Api.ServiceProvider.InstanceTest" assertions="3" time="0.032154"/>
        <testcase name="test_set_policies_with_empty_array" file="/app/tests/Unit/ServiceProvider/InstanceTest.php" line="32" class="Tests\Unit\Playground\Crm\Api\ServiceProvider\InstanceTest" classname="Tests.Unit.Playground.Crm.Api.ServiceProvider.InstanceTest" assertions="1" time="0.032059"/>
        <testcase name="test_set_policies_with_invalid_model" file="/app/tests/Unit/ServiceProvider/InstanceTest.php" line="46" class="Tests\Unit\Playground\Crm\Api\ServiceProvider\InstanceTest" classname="Tests.Unit.Playground.Crm.Api.ServiceProvider.InstanceTest" assertions="2" time="0.033630"/>
        <testcase name="test_set_policies_with_invalid_policy" file="/app/tests/Unit/ServiceProvider/InstanceTest.php" line="77" class="Tests\Unit\Playground\Crm\Api\ServiceProvider\InstanceTest" classname="Tests.Unit.Playground.Crm.Api.ServiceProvider.InstanceTest" assertions="2" time="0.032988"/>
      </testsuite>
    </testsuite>
    <testsuite name="Feature" tests="177" assertions="4948" errors="0" failures="0" skipped="0" time="38.277546">
      <testsuite name="Tests\Feature\Playground\Crm\Api\Console\Commands\About\CommandTest" file="/app/tests/Feature/Console/Commands/About/CommandTest.php" tests="1" assertions="2" errors="0" failures="0" skipped="0" time="0.356758">
        <testcase name="test_command_about_displays_package_information_and_succeed" file="/app/tests/Feature/Console/Commands/About/CommandTest.php" line="23" class="Tests\Feature\Playground\Crm\Api\Console\Commands\About\CommandTest" classname="Tests.Feature.Playground.Crm.Api.Console.Commands.About.CommandTest" assertions="2" time="0.356758"/>
      </testsuite>
      <testsuite name="Tests\Feature\Playground\Crm\Api\Http\Controllers\Playground\ClientRouteTest" file="/app/tests/Feature/Http/Controllers/Playground/ClientRouteTest.php" tests="35" assertions="989" errors="0" failures="0" skipped="0" time="7.549664">
        <testcase name="test_json_guest_cannot_get_create_info" file="/app/vendor/gammamatrix/playground-test/src/Feature/Http/Controllers/Resource/Playground/CreateJsonTrait.php" line="39" class="Tests\Feature\Playground\Crm\Api\Http\Controllers\Playground\ClientRouteTest" classname="Tests.Feature.Playground.Crm.Api.Http.Controllers.Playground.ClientRouteTest" assertions="1" time="0.208999"/>
        <testcase name="test_json_admin_can_get_create_info" file="/app/vendor/gammamatrix/playground-test/src/Feature/Http/Controllers/Resource/Playground/CreateJsonTrait.php" line="54" class="Tests\Feature\Playground\Crm\Api\Http\Controllers\Playground\ClientRouteTest" classname="Tests.Feature.Playground.Crm.Api.Http.Controllers.Playground.ClientRouteTest" assertions="99" time="0.230414"/>
        <testcase name="test_json_get_create_info_as_admin_with_invalid_parameter_and_fail_validation" file="/app/vendor/gammamatrix/playground-test/src/Feature/Http/Controllers/Resource/Playground/CreateJsonTrait.php" line="74" class="Tests\Feature\Playground\Crm\Api\Http\Controllers\Playground\ClientRouteTest" classname="Tests.Feature.Playground.Crm.Api.Http.Controllers.Playground.ClientRouteTest" assertions="4" time="0.203418"/>
        <testcase name="test_json_guest_cannot_destroy" file="/app/vendor/gammamatrix/playground-test/src/Feature/Http/Controllers/Resource/Playground/DestroyJsonTrait.php" line="32" class="Tests\Feature\Playground\Crm\Api\Http\Controllers\Playground\ClientRouteTest" classname="Tests.Feature.Playground.Crm.Api.Http.Controllers.Playground.ClientRouteTest" assertions="3" time="0.194624"/>
        <testcase name="test_json_destroy_as_admin_and_succeed" file="/app/vendor/gammamatrix/playground-test/src/Feature/Http/Controllers/Resource/Playground/DestroyJsonTrait.php" line="62" class="Tests\Feature\Playground\Crm\Api\Http\Controllers\Playground\ClientRouteTest" classname="Tests.Feature.Playground.Crm.Api.Http.Controllers.Playground.ClientRouteTest" assertions="5" time="0.208363"/>
        <testcase name="test_json_destroy_as_admin_and_succeed_with_force_delete" file="/app/vendor/gammamatrix/playground-test/src/Feature/Http/Controllers/Resource/Playground/DestroyJsonTrait.php" line="101" class="Tests\Feature\Playground\Crm\Api\Http\Controllers\Playground\ClientRouteTest" classname="Tests.Feature.Playground.Crm.Api.Http.Controllers.Playground.ClientRouteTest" assertions="4" time="0.208605"/>
        <testcase name="test_json_destroy_as_admin_and_succeed_with_no_content" file="/app/vendor/gammamatrix/playground-test/src/Feature/Http/Controllers/Resource/Playground/DestroyJsonTrait.php" line="133" class="Tests\Feature\Playground\Crm\Api\Http\Controllers\Playground\ClientRouteTest" classname="Tests.Feature.Playground.Crm.Api.Http.Controllers.Playground.ClientRouteTest" assertions="5" time="0.208329"/>
        <testcase name="test_json_destroy_as_admin_and_succeed_and_ignore_redirect" file="/app/vendor/gammamatrix/playground-test/src/Feature/Http/Controllers/Resource/Playground/DestroyJsonTrait.php" line="168" class="Tests\Feature\Playground\Crm\Api\Http\Controllers\Playground\ClientRouteTest" classname="Tests.Feature.Playground.Crm.Api.Http.Controllers.Playground.ClientRouteTest" assertions="5" time="0.211806"/>
        <testcase name="test_json_destroy_as_user_and_get_denied_and_no_force_delete_allowed" file="/app/vendor/gammamatrix/playground-test/src/Feature/Http/Controllers/Resource/Playground/DestroyJsonTrait.php" line="210" class="Tests\Feature\Playground\Crm\Api\Http\Controllers\Playground\ClientRouteTest" classname="Tests.Feature.Playground.Crm.Api.Http.Controllers.Playground.ClientRouteTest" assertions="3" time="0.207569"/>
        <testcase name="test_json_guest_cannot_get_edit_info" file="/app/vendor/gammamatrix/playground-test/src/Feature/Http/Controllers/Resource/Playground/EditJsonTrait.php" line="39" class="Tests\Feature\Playground\Crm\Api\Http\Controllers\Playground\ClientRouteTest" classname="Tests.Feature.Playground.Crm.Api.Http.Controllers.Playground.ClientRouteTest" assertions="1" time="0.194820"/>
        <testcase name="test_json_admin_can_get_edit_info" file="/app/vendor/gammamatrix/playground-test/src/Feature/Http/Controllers/Resource/Playground/EditJsonTrait.php" line="59" class="Tests\Feature\Playground\Crm\Api\Http\Controllers\Playground\ClientRouteTest" classname="Tests.Feature.Playground.Crm.Api.Http.Controllers.Playground.ClientRouteTest" assertions="4" time="0.223320"/>
        <testcase name="test_json_edit_as_admin_and_fail_validation_with_invalid_parameter" file="/app/vendor/gammamatrix/playground-test/src/Feature/Http/Controllers/Resource/Playground/EditJsonTrait.php" line="88" class="Tests\Feature\Playground\Crm\Api\Http\Controllers\Playground\ClientRouteTest" classname="Tests.Feature.Playground.Crm.Api.Http.Controllers.Playground.ClientRouteTest" assertions="4" time="0.215064"/>
        <testcase name="test_json_guest_cannot_get_index" file="/app/vendor/gammamatrix/playground-test/src/Feature/Http/Controllers/Resource/Playground/IndexJsonTrait.php" line="35" class="Tests\Feature\Playground\Crm\Api\Http\Controllers\Playground\ClientRouteTest" classname="Tests.Feature.Playground.Crm.Api.Http.Controllers.Playground.ClientRouteTest" assertions="1" time="0.195840"/>
        <testcase name="test_json_admin_can_get_index" file="/app/vendor/gammamatrix/playground-test/src/Feature/Http/Controllers/Resource/Playground/IndexJsonTrait.php" line="50" class="Tests\Feature\Playground\Crm\Api\Http\Controllers\Playground\ClientRouteTest" classname="Tests.Feature.Playground.Crm.Api.Http.Controllers.Playground.ClientRouteTest" assertions="103" time="0.220780"/>
        <testcase name="test_json_admin_can_get_index_with_filters" file="/app/vendor/gammamatrix/playground-test/src/Feature/Http/Controllers/Resource/Playground/IndexJsonTrait.php" line="86" class="Tests\Feature\Playground\Crm\Api\Http\Controllers\Playground\ClientRouteTest" classname="Tests.Feature.Playground.Crm.Api.Http.Controllers.Playground.ClientRouteTest" assertions="3" time="0.221885"/>
        <testcase name="test_json_guest_cannot_lock" file="/app/vendor/gammamatrix/playground-test/src/Feature/Http/Controllers/Resource/Playground/LockJsonTrait.php" line="37" class="Tests\Feature\Playground\Crm\Api\Http\Controllers\Playground\ClientRouteTest" classname="Tests.Feature.Playground.Crm.Api.Http.Controllers.Playground.ClientRouteTest" assertions="3" time="0.197112"/>
        <testcase name="test_json_lock_as_admin_and_succeed" file="/app/vendor/gammamatrix/playground-test/src/Feature/Http/Controllers/Resource/Playground/LockJsonTrait.php" line="67" class="Tests\Feature\Playground\Crm\Api\Http\Controllers\Playground\ClientRouteTest" classname="Tests.Feature.Playground.Crm.Api.Http.Controllers.Playground.ClientRouteTest" assertions="3" time="0.222434"/>
        <testcase name="test_json_lock_as_admin_and_succeed_with_no_redirect" file="/app/vendor/gammamatrix/playground-test/src/Feature/Http/Controllers/Resource/Playground/LockJsonTrait.php" line="99" class="Tests\Feature\Playground\Crm\Api\Http\Controllers\Playground\ClientRouteTest" classname="Tests.Feature.Playground.Crm.Api.Http.Controllers.Playground.ClientRouteTest" assertions="101" time="0.224653"/>
        <testcase name="test_json_lock_as_user_and_get_denied" file="/app/vendor/gammamatrix/playground-test/src/Feature/Http/Controllers/Resource/Playground/LockJsonTrait.php" line="144" class="Tests\Feature\Playground\Crm\Api\Http\Controllers\Playground\ClientRouteTest" classname="Tests.Feature.Playground.Crm.Api.Http.Controllers.Playground.ClientRouteTest" assertions="3" time="0.214708"/>
        <testcase name="test_json_guest_cannot_restore" file="/app/vendor/gammamatrix/playground-test/src/Feature/Http/Controllers/Resource/Playground/RestoreJsonTrait.php" line="33" class="Tests\Feature\Playground\Crm\Api\Http\Controllers\Playground\ClientRouteTest" classname="Tests.Feature.Playground.Crm.Api.Http.Controllers.Playground.ClientRouteTest" assertions="3" time="0.199002"/>
        <testcase name="test_json_restore_as_admin_and_succeed" file="/app/vendor/gammamatrix/playground-test/src/Feature/Http/Controllers/Resource/Playground/RestoreJsonTrait.php" line="65" class="Tests\Feature\Playground\Crm\Api\Http\Controllers\Playground\ClientRouteTest" classname="Tests.Feature.Playground.Crm.Api.Http.Controllers.Playground.ClientRouteTest" assertions="101" time="0.225165"/>
        <testcase name="test_json_restore_as_admin_and_succeed_with_no_redirect" file="/app/vendor/gammamatrix/playground-test/src/Feature/Http/Controllers/Resource/Playground/RestoreJsonTrait.php" line="101" class="Tests\Feature\Playground\Crm\Api\Http\Controllers\Playground\ClientRouteTest" classname="Tests.Feature.Playground.Crm.Api.Http.Controllers.Playground.ClientRouteTest" assertions="101" time="0.227821"/>
        <testcase name="test_json_restore_as_user_and_get_denied" file="/app/vendor/gammamatrix/playground-test/src/Feature/Http/Controllers/Resource/Playground/RestoreJsonTrait.php" line="144" class="Tests\Feature\Playground\Crm\Api\Http\Controllers\Playground\ClientRouteTest" classname="Tests.Feature.Playground.Crm.Api.Http.Controllers.Playground.ClientRouteTest" assertions="3" time="0.211922"/>
        <testcase name="test_json_guest_cannot_see_info" file="/app/vendor/gammamatrix/playground-test/src/Feature/Http/Controllers/Resource/Playground/ShowJsonTrait.php" line="30" class="Tests\Feature\Playground\Crm\Api\Http\Controllers\Playground\ClientRouteTest" classname="Tests.Feature.Playground.Crm.Api.Http.Controllers.Playground.ClientRouteTest" assertions="1" time="0.200295"/>
        <testcase name="test_json_show_info_for_admin" file="/app/vendor/gammamatrix/playground-test/src/Feature/Http/Controllers/Resource/Playground/ShowJsonTrait.php" line="50" class="Tests\Feature\Playground\Crm\Api\Http\Controllers\Playground\ClientRouteTest" classname="Tests.Feature.Playground.Crm.Api.Http.Controllers.Playground.ClientRouteTest" assertions="100" time="0.219411"/>
        <testcase name="test_json_guest_cannot_store" file="/app/vendor/gammamatrix/playground-test/src/Feature/Http/Controllers/Resource/Playground/StoreJsonTrait.php" line="44" class="Tests\Feature\Playground\Crm\Api\Http\Controllers\Playground\ClientRouteTest" classname="Tests.Feature.Playground.Crm.Api.Http.Controllers.Playground.ClientRouteTest" assertions="3" time="0.198021"/>
        <testcase name="test_json_store_as_admin_without_payload_and_fail_validation" file="/app/vendor/gammamatrix/playground-test/src/Feature/Http/Controllers/Resource/Playground/StoreJsonTrait.php" line="67" class="Tests\Feature\Playground\Crm\Api\Http\Controllers\Playground\ClientRouteTest" classname="Tests.Feature.Playground.Crm.Api.Http.Controllers.Playground.ClientRouteTest" assertions="5" time="0.212404"/>
        <testcase name="test_json_store_as_admin_and_succeed" file="/app/vendor/gammamatrix/playground-test/src/Feature/Http/Controllers/Resource/Playground/StoreJsonTrait.php" line="93" class="Tests\Feature\Playground\Crm\Api\Http\Controllers\Playground\ClientRouteTest" classname="Tests.Feature.Playground.Crm.Api.Http.Controllers.Playground.ClientRouteTest" assertions="3" time="0.275982"/>
        <testcase name="test_json_guest_cannot_unlock" file="/app/vendor/gammamatrix/playground-test/src/Feature/Http/Controllers/Resource/Playground/UnlockJsonTrait.php" line="37" class="Tests\Feature\Playground\Crm\Api\Http\Controllers\Playground\ClientRouteTest" classname="Tests.Feature.Playground.Crm.Api.Http.Controllers.Playground.ClientRouteTest" assertions="3" time="0.200760"/>
        <testcase name="test_json_unlock_as_admin_and_succeed" file="/app/vendor/gammamatrix/playground-test/src/Feature/Http/Controllers/Resource/Playground/UnlockJsonTrait.php" line="69" class="Tests\Feature\Playground\Crm\Api\Http\Controllers\Playground\ClientRouteTest" classname="Tests.Feature.Playground.Crm.Api.Http.Controllers.Playground.ClientRouteTest" assertions="101" time="0.224025"/>
        <testcase name="test_json_unlock_as_admin_and_succeed_with_no_redirect" file="/app/vendor/gammamatrix/playground-test/src/Feature/Http/Controllers/Resource/Playground/UnlockJsonTrait.php" line="105" class="Tests\Feature\Playground\Crm\Api\Http\Controllers\Playground\ClientRouteTest" classname="Tests.Feature.Playground.Crm.Api.Http.Controllers.Playground.ClientRouteTest" assertions="101" time="0.230778"/>
        <testcase name="test_json_unlock_as_user_and_get_denied" file="/app/vendor/gammamatrix/playground-test/src/Feature/Http/Controllers/Resource/Playground/UnlockJsonTrait.php" line="146" class="Tests\Feature\Playground\Crm\Api\Http\Controllers\Playground\ClientRouteTest" classname="Tests.Feature.Playground.Crm.Api.Http.Controllers.Playground.ClientRouteTest" assertions="3" time="0.213612"/>
        <testcase name="test_json_guest_cannot_update" file="/app/vendor/gammamatrix/playground-test/src/Feature/Http/Controllers/Resource/Playground/UpdateJsonTrait.php" line="46" class="Tests\Feature\Playground\Crm\Api\Http\Controllers\Playground\ClientRouteTest" classname="Tests.Feature.Playground.Crm.Api.Http.Controllers.Playground.ClientRouteTest" assertions="1" time="0.201434"/>
        <testcase name="test_json_update_as_admin_without_payload_and_passes_validation" file="/app/vendor/gammamatrix/playground-test/src/Feature/Http/Controllers/Resource/Playground/UpdateJsonTrait.php" line="66" class="Tests\Feature\Playground\Crm\Api\Http\Controllers\Playground\ClientRouteTest" classname="Tests.Feature.Playground.Crm.Api.Http.Controllers.Playground.ClientRouteTest" assertions="2" time="0.229601"/>
        <testcase name="test_json_admin_can_update" file="/app/vendor/gammamatrix/playground-test/src/Feature/Http/Controllers/Resource/Playground/UpdateJsonTrait.php" line="114" class="Tests\Feature\Playground\Crm\Api\Http\Controllers\Playground\ClientRouteTest" classname="Tests.Feature.Playground.Crm.Api.Http.Controllers.Playground.ClientRouteTest" assertions="103" time="0.266690"/>
      </testsuite>
      <testsuite name="Tests\Feature\Playground\Crm\Api\Http\Controllers\Playground\ContactRouteTest" file="/app/tests/Feature/Http/Controllers/Playground/ContactRouteTest.php" tests="35" assertions="989" errors="0" failures="0" skipped="0" time="7.489434">
        <testcase name="test_json_guest_cannot_get_create_info" file="/app/vendor/gammamatrix/playground-test/src/Feature/Http/Controllers/Resource/Playground/CreateJsonTrait.php" line="39" class="Tests\Feature\Playground\Crm\Api\Http\Controllers\Playground\ContactRouteTest" classname="Tests.Feature.Playground.Crm.Api.Http.Controllers.Playground.ContactRouteTest" assertions="1" time="0.189226"/>
        <testcase name="test_json_admin_can_get_create_info" file="/app/vendor/gammamatrix/playground-test/src/Feature/Http/Controllers/Resource/Playground/CreateJsonTrait.php" line="54" class="Tests\Feature\Playground\Crm\Api\Http\Controllers\Playground\ContactRouteTest" classname="Tests.Feature.Playground.Crm.Api.Http.Controllers.Playground.ContactRouteTest" assertions="99" time="0.209919"/>
        <testcase name="test_json_get_create_info_as_admin_with_invalid_parameter_and_fail_validation" file="/app/vendor/gammamatrix/playground-test/src/Feature/Http/Controllers/Resource/Playground/CreateJsonTrait.php" line="74" class="Tests\Feature\Playground\Crm\Api\Http\Controllers\Playground\ContactRouteTest" classname="Tests.Feature.Playground.Crm.Api.Http.Controllers.Playground.ContactRouteTest" assertions="4" time="0.203474"/>
        <testcase name="test_json_guest_cannot_destroy" file="/app/vendor/gammamatrix/playground-test/src/Feature/Http/Controllers/Resource/Playground/DestroyJsonTrait.php" line="32" class="Tests\Feature\Playground\Crm\Api\Http\Controllers\Playground\ContactRouteTest" classname="Tests.Feature.Playground.Crm.Api.Http.Controllers.Playground.ContactRouteTest" assertions="3" time="0.195108"/>
        <testcase name="test_json_destroy_as_admin_and_succeed" file="/app/vendor/gammamatrix/playground-test/src/Feature/Http/Controllers/Resource/Playground/DestroyJsonTrait.php" line="62" class="Tests\Feature\Playground\Crm\Api\Http\Controllers\Playground\ContactRouteTest" classname="Tests.Feature.Playground.Crm.Api.Http.Controllers.Playground.ContactRouteTest" assertions="5" time="0.210284"/>
        <testcase name="test_json_destroy_as_admin_and_succeed_with_force_delete" file="/app/vendor/gammamatrix/playground-test/src/Feature/Http/Controllers/Resource/Playground/DestroyJsonTrait.php" line="101" class="Tests\Feature\Playground\Crm\Api\Http\Controllers\Playground\ContactRouteTest" classname="Tests.Feature.Playground.Crm.Api.Http.Controllers.Playground.ContactRouteTest" assertions="4" time="0.208339"/>
        <testcase name="test_json_destroy_as_admin_and_succeed_with_no_content" file="/app/vendor/gammamatrix/playground-test/src/Feature/Http/Controllers/Resource/Playground/DestroyJsonTrait.php" line="133" class="Tests\Feature\Playground\Crm\Api\Http\Controllers\Playground\ContactRouteTest" classname="Tests.Feature.Playground.Crm.Api.Http.Controllers.Playground.ContactRouteTest" assertions="5" time="0.210062"/>
        <testcase name="test_json_destroy_as_admin_and_succeed_and_ignore_redirect" file="/app/vendor/gammamatrix/playground-test/src/Feature/Http/Controllers/Resource/Playground/DestroyJsonTrait.php" line="168" class="Tests\Feature\Playground\Crm\Api\Http\Controllers\Playground\ContactRouteTest" classname="Tests.Feature.Playground.Crm.Api.Http.Controllers.Playground.ContactRouteTest" assertions="5" time="0.208826"/>
        <testcase name="test_json_destroy_as_user_and_get_denied_and_no_force_delete_allowed" file="/app/vendor/gammamatrix/playground-test/src/Feature/Http/Controllers/Resource/Playground/DestroyJsonTrait.php" line="210" class="Tests\Feature\Playground\Crm\Api\Http\Controllers\Playground\ContactRouteTest" classname="Tests.Feature.Playground.Crm.Api.Http.Controllers.Playground.ContactRouteTest" assertions="3" time="0.218356"/>
        <testcase name="test_json_guest_cannot_get_edit_info" file="/app/vendor/gammamatrix/playground-test/src/Feature/Http/Controllers/Resource/Playground/EditJsonTrait.php" line="39" class="Tests\Feature\Playground\Crm\Api\Http\Controllers\Playground\ContactRouteTest" classname="Tests.Feature.Playground.Crm.Api.Http.Controllers.Playground.ContactRouteTest" assertions="1" time="0.195264"/>
        <testcase name="test_json_admin_can_get_edit_info" file="/app/vendor/gammamatrix/playground-test/src/Feature/Http/Controllers/Resource/Playground/EditJsonTrait.php" line="59" class="Tests\Feature\Playground\Crm\Api\Http\Controllers\Playground\ContactRouteTest" classname="Tests.Feature.Playground.Crm.Api.Http.Controllers.Playground.ContactRouteTest" assertions="4" time="0.218720"/>
        <testcase name="test_json_edit_as_admin_and_fail_validation_with_invalid_parameter" file="/app/vendor/gammamatrix/playground-test/src/Feature/Http/Controllers/Resource/Playground/EditJsonTrait.php" line="88" class="Tests\Feature\Playground\Crm\Api\Http\Controllers\Playground\ContactRouteTest" classname="Tests.Feature.Playground.Crm.Api.Http.Controllers.Playground.ContactRouteTest" assertions="4" time="0.216543"/>
        <testcase name="test_json_guest_cannot_get_index" file="/app/vendor/gammamatrix/playground-test/src/Feature/Http/Controllers/Resource/Playground/IndexJsonTrait.php" line="35" class="Tests\Feature\Playground\Crm\Api\Http\Controllers\Playground\ContactRouteTest" classname="Tests.Feature.Playground.Crm.Api.Http.Controllers.Playground.ContactRouteTest" assertions="1" time="0.195664"/>
        <testcase name="test_json_admin_can_get_index" file="/app/vendor/gammamatrix/playground-test/src/Feature/Http/Controllers/Resource/Playground/IndexJsonTrait.php" line="50" class="Tests\Feature\Playground\Crm\Api\Http\Controllers\Playground\ContactRouteTest" classname="Tests.Feature.Playground.Crm.Api.Http.Controllers.Playground.ContactRouteTest" assertions="103" time="0.219143"/>
        <testcase name="test_json_admin_can_get_index_with_filters" file="/app/vendor/gammamatrix/playground-test/src/Feature/Http/Controllers/Resource/Playground/IndexJsonTrait.php" line="86" class="Tests\Feature\Playground\Crm\Api\Http\Controllers\Playground\ContactRouteTest" classname="Tests.Feature.Playground.Crm.Api.Http.Controllers.Playground.ContactRouteTest" assertions="3" time="0.221116"/>
        <testcase name="test_json_guest_cannot_lock" file="/app/vendor/gammamatrix/playground-test/src/Feature/Http/Controllers/Resource/Playground/LockJsonTrait.php" line="37" class="Tests\Feature\Playground\Crm\Api\Http\Controllers\Playground\ContactRouteTest" classname="Tests.Feature.Playground.Crm.Api.Http.Controllers.Playground.ContactRouteTest" assertions="3" time="0.197969"/>
        <testcase name="test_json_lock_as_admin_and_succeed" file="/app/vendor/gammamatrix/playground-test/src/Feature/Http/Controllers/Resource/Playground/LockJsonTrait.php" line="67" class="Tests\Feature\Playground\Crm\Api\Http\Controllers\Playground\ContactRouteTest" classname="Tests.Feature.Playground.Crm.Api.Http.Controllers.Playground.ContactRouteTest" assertions="3" time="0.224289"/>
        <testcase name="test_json_lock_as_admin_and_succeed_with_no_redirect" file="/app/vendor/gammamatrix/playground-test/src/Feature/Http/Controllers/Resource/Playground/LockJsonTrait.php" line="99" class="Tests\Feature\Playground\Crm\Api\Http\Controllers\Playground\ContactRouteTest" classname="Tests.Feature.Playground.Crm.Api.Http.Controllers.Playground.ContactRouteTest" assertions="101" time="0.220137"/>
        <testcase name="test_json_lock_as_user_and_get_denied" file="/app/vendor/gammamatrix/playground-test/src/Feature/Http/Controllers/Resource/Playground/LockJsonTrait.php" line="144" class="Tests\Feature\Playground\Crm\Api\Http\Controllers\Playground\ContactRouteTest" classname="Tests.Feature.Playground.Crm.Api.Http.Controllers.Playground.ContactRouteTest" assertions="3" time="0.208585"/>
        <testcase name="test_json_guest_cannot_restore" file="/app/vendor/gammamatrix/playground-test/src/Feature/Http/Controllers/Resource/Playground/RestoreJsonTrait.php" line="33" class="Tests\Feature\Playground\Crm\Api\Http\Controllers\Playground\ContactRouteTest" classname="Tests.Feature.Playground.Crm.Api.Http.Controllers.Playground.ContactRouteTest" assertions="3" time="0.199732"/>
        <testcase name="test_json_restore_as_admin_and_succeed" file="/app/vendor/gammamatrix/playground-test/src/Feature/Http/Controllers/Resource/Playground/RestoreJsonTrait.php" line="65" class="Tests\Feature\Playground\Crm\Api\Http\Controllers\Playground\ContactRouteTest" classname="Tests.Feature.Playground.Crm.Api.Http.Controllers.Playground.ContactRouteTest" assertions="101" time="0.222465"/>
        <testcase name="test_json_restore_as_admin_and_succeed_with_no_redirect" file="/app/vendor/gammamatrix/playground-test/src/Feature/Http/Controllers/Resource/Playground/RestoreJsonTrait.php" line="101" class="Tests\Feature\Playground\Crm\Api\Http\Controllers\Playground\ContactRouteTest" classname="Tests.Feature.Playground.Crm.Api.Http.Controllers.Playground.ContactRouteTest" assertions="101" time="0.225260"/>
        <testcase name="test_json_restore_as_user_and_get_denied" file="/app/vendor/gammamatrix/playground-test/src/Feature/Http/Controllers/Resource/Playground/RestoreJsonTrait.php" line="144" class="Tests\Feature\Playground\Crm\Api\Http\Controllers\Playground\ContactRouteTest" classname="Tests.Feature.Playground.Crm.Api.Http.Controllers.Playground.ContactRouteTest" assertions="3" time="0.213490"/>
        <testcase name="test_json_guest_cannot_see_info" file="/app/vendor/gammamatrix/playground-test/src/Feature/Http/Controllers/Resource/Playground/ShowJsonTrait.php" line="30" class="Tests\Feature\Playground\Crm\Api\Http\Controllers\Playground\ContactRouteTest" classname="Tests.Feature.Playground.Crm.Api.Http.Controllers.Playground.ContactRouteTest" assertions="1" time="0.205208"/>
        <testcase name="test_json_show_info_for_admin" file="/app/vendor/gammamatrix/playground-test/src/Feature/Http/Controllers/Resource/Playground/ShowJsonTrait.php" line="50" class="Tests\Feature\Playground\Crm\Api\Http\Controllers\Playground\ContactRouteTest" classname="Tests.Feature.Playground.Crm.Api.Http.Controllers.Playground.ContactRouteTest" assertions="100" time="0.216437"/>
        <testcase name="test_json_guest_cannot_store" file="/app/vendor/gammamatrix/playground-test/src/Feature/Http/Controllers/Resource/Playground/StoreJsonTrait.php" line="44" class="Tests\Feature\Playground\Crm\Api\Http\Controllers\Playground\ContactRouteTest" classname="Tests.Feature.Playground.Crm.Api.Http.Controllers.Playground.ContactRouteTest" assertions="3" time="0.201772"/>
        <testcase name="test_json_store_as_admin_without_payload_and_fail_validation" file="/app/vendor/gammamatrix/playground-test/src/Feature/Http/Controllers/Resource/Playground/StoreJsonTrait.php" line="67" class="Tests\Feature\Playground\Crm\Api\Http\Controllers\Playground\ContactRouteTest" classname="Tests.Feature.Playground.Crm.Api.Http.Controllers.Playground.ContactRouteTest" assertions="5" time="0.211280"/>
        <testcase name="test_json_store_as_admin_and_succeed" file="/app/vendor/gammamatrix/playground-test/src/Feature/Http/Controllers/Resource/Playground/StoreJsonTrait.php" line="93" class="Tests\Feature\Playground\Crm\Api\Http\Controllers\Playground\ContactRouteTest" classname="Tests.Feature.Playground.Crm.Api.Http.Controllers.Playground.ContactRouteTest" assertions="3" time="0.241986"/>
        <testcase name="test_json_guest_cannot_unlock" file="/app/vendor/gammamatrix/playground-test/src/Feature/Http/Controllers/Resource/Playground/UnlockJsonTrait.php" line="37" class="Tests\Feature\Playground\Crm\Api\Http\Controllers\Playground\ContactRouteTest" classname="Tests.Feature.Playground.Crm.Api.Http.Controllers.Playground.ContactRouteTest" assertions="3" time="0.201708"/>
        <testcase name="test_json_unlock_as_admin_and_succeed" file="/app/vendor/gammamatrix/playground-test/src/Feature/Http/Controllers/Resource/Playground/UnlockJsonTrait.php" line="69" class="Tests\Feature\Playground\Crm\Api\Http\Controllers\Playground\ContactRouteTest" classname="Tests.Feature.Playground.Crm.Api.Http.Controllers.Playground.ContactRouteTest" assertions="101" time="0.225670"/>
        <testcase name="test_json_unlock_as_admin_and_succeed_with_no_redirect" file="/app/vendor/gammamatrix/playground-test/src/Feature/Http/Controllers/Resource/Playground/UnlockJsonTrait.php" line="105" class="Tests\Feature\Playground\Crm\Api\Http\Controllers\Playground\ContactRouteTest" classname="Tests.Feature.Playground.Crm.Api.Http.Controllers.Playground.ContactRouteTest" assertions="101" time="0.228027"/>
        <testcase name="test_json_unlock_as_user_and_get_denied" file="/app/vendor/gammamatrix/playground-test/src/Feature/Http/Controllers/Resource/Playground/UnlockJsonTrait.php" line="146" class="Tests\Feature\Playground\Crm\Api\Http\Controllers\Playground\ContactRouteTest" classname="Tests.Feature.Playground.Crm.Api.Http.Controllers.Playground.ContactRouteTest" assertions="3" time="0.215445"/>
        <testcase name="test_json_guest_cannot_update" file="/app/vendor/gammamatrix/playground-test/src/Feature/Http/Controllers/Resource/Playground/UpdateJsonTrait.php" line="46" class="Tests\Feature\Playground\Crm\Api\Http\Controllers\Playground\ContactRouteTest" classname="Tests.Feature.Playground.Crm.Api.Http.Controllers.Playground.ContactRouteTest" assertions="1" time="0.202497"/>
        <testcase name="test_json_update_as_admin_without_payload_and_passes_validation" file="/app/vendor/gammamatrix/playground-test/src/Feature/Http/Controllers/Resource/Playground/UpdateJsonTrait.php" line="66" class="Tests\Feature\Playground\Crm\Api\Http\Controllers\Playground\ContactRouteTest" classname="Tests.Feature.Playground.Crm.Api.Http.Controllers.Playground.ContactRouteTest" assertions="2" time="0.238579"/>
        <testcase name="test_json_admin_can_update" file="/app/vendor/gammamatrix/playground-test/src/Feature/Http/Controllers/Resource/Playground/UpdateJsonTrait.php" line="114" class="Tests\Feature\Playground\Crm\Api\Http\Controllers\Playground\ContactRouteTest" classname="Tests.Feature.Playground.Crm.Api.Http.Controllers.Playground.ContactRouteTest" assertions="103" time="0.268855"/>
      </testsuite>
      <testsuite name="Tests\Feature\Playground\Crm\Api\Http\Controllers\Playground\LocationRouteTest" file="/app/tests/Feature/Http/Controllers/Playground/LocationRouteTest.php" tests="35" assertions="989" errors="0" failures="0" skipped="0" time="7.503237">
        <testcase name="test_json_guest_cannot_get_create_info" file="/app/vendor/gammamatrix/playground-test/src/Feature/Http/Controllers/Resource/Playground/CreateJsonTrait.php" line="39" class="Tests\Feature\Playground\Crm\Api\Http\Controllers\Playground\LocationRouteTest" classname="Tests.Feature.Playground.Crm.Api.Http.Controllers.Playground.LocationRouteTest" assertions="1" time="0.185901"/>
        <testcase name="test_json_admin_can_get_create_info" file="/app/vendor/gammamatrix/playground-test/src/Feature/Http/Controllers/Resource/Playground/CreateJsonTrait.php" line="54" class="Tests\Feature\Playground\Crm\Api\Http\Controllers\Playground\LocationRouteTest" classname="Tests.Feature.Playground.Crm.Api.Http.Controllers.Playground.LocationRouteTest" assertions="99" time="0.218486"/>
        <testcase name="test_json_get_create_info_as_admin_with_invalid_parameter_and_fail_validation" file="/app/vendor/gammamatrix/playground-test/src/Feature/Http/Controllers/Resource/Playground/CreateJsonTrait.php" line="74" class="Tests\Feature\Playground\Crm\Api\Http\Controllers\Playground\LocationRouteTest" classname="Tests.Feature.Playground.Crm.Api.Http.Controllers.Playground.LocationRouteTest" assertions="4" time="0.204558"/>
        <testcase name="test_json_guest_cannot_destroy" file="/app/vendor/gammamatrix/playground-test/src/Feature/Http/Controllers/Resource/Playground/DestroyJsonTrait.php" line="32" class="Tests\Feature\Playground\Crm\Api\Http\Controllers\Playground\LocationRouteTest" classname="Tests.Feature.Playground.Crm.Api.Http.Controllers.Playground.LocationRouteTest" assertions="3" time="0.194781"/>
        <testcase name="test_json_destroy_as_admin_and_succeed" file="/app/vendor/gammamatrix/playground-test/src/Feature/Http/Controllers/Resource/Playground/DestroyJsonTrait.php" line="62" class="Tests\Feature\Playground\Crm\Api\Http\Controllers\Playground\LocationRouteTest" classname="Tests.Feature.Playground.Crm.Api.Http.Controllers.Playground.LocationRouteTest" assertions="5" time="0.208563"/>
        <testcase name="test_json_destroy_as_admin_and_succeed_with_force_delete" file="/app/vendor/gammamatrix/playground-test/src/Feature/Http/Controllers/Resource/Playground/DestroyJsonTrait.php" line="101" class="Tests\Feature\Playground\Crm\Api\Http\Controllers\Playground\LocationRouteTest" classname="Tests.Feature.Playground.Crm.Api.Http.Controllers.Playground.LocationRouteTest" assertions="4" time="0.209069"/>
        <testcase name="test_json_destroy_as_admin_and_succeed_with_no_content" file="/app/vendor/gammamatrix/playground-test/src/Feature/Http/Controllers/Resource/Playground/DestroyJsonTrait.php" line="133" class="Tests\Feature\Playground\Crm\Api\Http\Controllers\Playground\LocationRouteTest" classname="Tests.Feature.Playground.Crm.Api.Http.Controllers.Playground.LocationRouteTest" assertions="5" time="0.215559"/>
        <testcase name="test_json_destroy_as_admin_and_succeed_and_ignore_redirect" file="/app/vendor/gammamatrix/playground-test/src/Feature/Http/Controllers/Resource/Playground/DestroyJsonTrait.php" line="168" class="Tests\Feature\Playground\Crm\Api\Http\Controllers\Playground\LocationRouteTest" classname="Tests.Feature.Playground.Crm.Api.Http.Controllers.Playground.LocationRouteTest" assertions="5" time="0.209218"/>
        <testcase name="test_json_destroy_as_user_and_get_denied_and_no_force_delete_allowed" file="/app/vendor/gammamatrix/playground-test/src/Feature/Http/Controllers/Resource/Playground/DestroyJsonTrait.php" line="210" class="Tests\Feature\Playground\Crm\Api\Http\Controllers\Playground\LocationRouteTest" classname="Tests.Feature.Playground.Crm.Api.Http.Controllers.Playground.LocationRouteTest" assertions="3" time="0.214350"/>
        <testcase name="test_json_guest_cannot_get_edit_info" file="/app/vendor/gammamatrix/playground-test/src/Feature/Http/Controllers/Resource/Playground/EditJsonTrait.php" line="39" class="Tests\Feature\Playground\Crm\Api\Http\Controllers\Playground\LocationRouteTest" classname="Tests.Feature.Playground.Crm.Api.Http.Controllers.Playground.LocationRouteTest" assertions="1" time="0.195463"/>
        <testcase name="test_json_admin_can_get_edit_info" file="/app/vendor/gammamatrix/playground-test/src/Feature/Http/Controllers/Resource/Playground/EditJsonTrait.php" line="59" class="Tests\Feature\Playground\Crm\Api\Http\Controllers\Playground\LocationRouteTest" classname="Tests.Feature.Playground.Crm.Api.Http.Controllers.Playground.LocationRouteTest" assertions="4" time="0.218772"/>
        <testcase name="test_json_edit_as_admin_and_fail_validation_with_invalid_parameter" file="/app/vendor/gammamatrix/playground-test/src/Feature/Http/Controllers/Resource/Playground/EditJsonTrait.php" line="88" class="Tests\Feature\Playground\Crm\Api\Http\Controllers\Playground\LocationRouteTest" classname="Tests.Feature.Playground.Crm.Api.Http.Controllers.Playground.LocationRouteTest" assertions="4" time="0.218094"/>
        <testcase name="test_json_guest_cannot_get_index" file="/app/vendor/gammamatrix/playground-test/src/Feature/Http/Controllers/Resource/Playground/IndexJsonTrait.php" line="35" class="Tests\Feature\Playground\Crm\Api\Http\Controllers\Playground\LocationRouteTest" classname="Tests.Feature.Playground.Crm.Api.Http.Controllers.Playground.LocationRouteTest" assertions="1" time="0.199846"/>
        <testcase name="test_json_admin_can_get_index" file="/app/vendor/gammamatrix/playground-test/src/Feature/Http/Controllers/Resource/Playground/IndexJsonTrait.php" line="50" class="Tests\Feature\Playground\Crm\Api\Http\Controllers\Playground\LocationRouteTest" classname="Tests.Feature.Playground.Crm.Api.Http.Controllers.Playground.LocationRouteTest" assertions="103" time="0.219333"/>
        <testcase name="test_json_admin_can_get_index_with_filters" file="/app/vendor/gammamatrix/playground-test/src/Feature/Http/Controllers/Resource/Playground/IndexJsonTrait.php" line="86" class="Tests\Feature\Playground\Crm\Api\Http\Controllers\Playground\LocationRouteTest" classname="Tests.Feature.Playground.Crm.Api.Http.Controllers.Playground.LocationRouteTest" assertions="3" time="0.225663"/>
        <testcase name="test_json_guest_cannot_lock" file="/app/vendor/gammamatrix/playground-test/src/Feature/Http/Controllers/Resource/Playground/LockJsonTrait.php" line="37" class="Tests\Feature\Playground\Crm\Api\Http\Controllers\Playground\LocationRouteTest" classname="Tests.Feature.Playground.Crm.Api.Http.Controllers.Playground.LocationRouteTest" assertions="3" time="0.198092"/>
        <testcase name="test_json_lock_as_admin_and_succeed" file="/app/vendor/gammamatrix/playground-test/src/Feature/Http/Controllers/Resource/Playground/LockJsonTrait.php" line="67" class="Tests\Feature\Playground\Crm\Api\Http\Controllers\Playground\LocationRouteTest" classname="Tests.Feature.Playground.Crm.Api.Http.Controllers.Playground.LocationRouteTest" assertions="3" time="0.220394"/>
        <testcase name="test_json_lock_as_admin_and_succeed_with_no_redirect" file="/app/vendor/gammamatrix/playground-test/src/Feature/Http/Controllers/Resource/Playground/LockJsonTrait.php" line="99" class="Tests\Feature\Playground\Crm\Api\Http\Controllers\Playground\LocationRouteTest" classname="Tests.Feature.Playground.Crm.Api.Http.Controllers.Playground.LocationRouteTest" assertions="101" time="0.221252"/>
        <testcase name="test_json_lock_as_user_and_get_denied" file="/app/vendor/gammamatrix/playground-test/src/Feature/Http/Controllers/Resource/Playground/LockJsonTrait.php" line="144" class="Tests\Feature\Playground\Crm\Api\Http\Controllers\Playground\LocationRouteTest" classname="Tests.Feature.Playground.Crm.Api.Http.Controllers.Playground.LocationRouteTest" assertions="3" time="0.210015"/>
        <testcase name="test_json_guest_cannot_restore" file="/app/vendor/gammamatrix/playground-test/src/Feature/Http/Controllers/Resource/Playground/RestoreJsonTrait.php" line="33" class="Tests\Feature\Playground\Crm\Api\Http\Controllers\Playground\LocationRouteTest" classname="Tests.Feature.Playground.Crm.Api.Http.Controllers.Playground.LocationRouteTest" assertions="3" time="0.201430"/>
        <testcase name="test_json_restore_as_admin_and_succeed" file="/app/vendor/gammamatrix/playground-test/src/Feature/Http/Controllers/Resource/Playground/RestoreJsonTrait.php" line="65" class="Tests\Feature\Playground\Crm\Api\Http\Controllers\Playground\LocationRouteTest" classname="Tests.Feature.Playground.Crm.Api.Http.Controllers.Playground.LocationRouteTest" assertions="101" time="0.224715"/>
        <testcase name="test_json_restore_as_admin_and_succeed_with_no_redirect" file="/app/vendor/gammamatrix/playground-test/src/Feature/Http/Controllers/Resource/Playground/RestoreJsonTrait.php" line="101" class="Tests\Feature\Playground\Crm\Api\Http\Controllers\Playground\LocationRouteTest" classname="Tests.Feature.Playground.Crm.Api.Http.Controllers.Playground.LocationRouteTest" assertions="101" time="0.224238"/>
        <testcase name="test_json_restore_as_user_and_get_denied" file="/app/vendor/gammamatrix/playground-test/src/Feature/Http/Controllers/Resource/Playground/RestoreJsonTrait.php" line="144" class="Tests\Feature\Playground\Crm\Api\Http\Controllers\Playground\LocationRouteTest" classname="Tests.Feature.Playground.Crm.Api.Http.Controllers.Playground.LocationRouteTest" assertions="3" time="0.217402"/>
        <testcase name="test_json_guest_cannot_see_info" file="/app/vendor/gammamatrix/playground-test/src/Feature/Http/Controllers/Resource/Playground/ShowJsonTrait.php" line="30" class="Tests\Feature\Playground\Crm\Api\Http\Controllers\Playground\LocationRouteTest" classname="Tests.Feature.Playground.Crm.Api.Http.Controllers.Playground.LocationRouteTest" assertions="1" time="0.200835"/>
        <testcase name="test_json_show_info_for_admin" file="/app/vendor/gammamatrix/playground-test/src/Feature/Http/Controllers/Resource/Playground/ShowJsonTrait.php" line="50" class="Tests\Feature\Playground\Crm\Api\Http\Controllers\Playground\LocationRouteTest" classname="Tests.Feature.Playground.Crm.Api.Http.Controllers.Playground.LocationRouteTest" assertions="100" time="0.215957"/>
        <testcase name="test_json_guest_cannot_store" file="/app/vendor/gammamatrix/playground-test/src/Feature/Http/Controllers/Resource/Playground/StoreJsonTrait.php" line="44" class="Tests\Feature\Playground\Crm\Api\Http\Controllers\Playground\LocationRouteTest" classname="Tests.Feature.Playground.Crm.Api.Http.Controllers.Playground.LocationRouteTest" assertions="3" time="0.197424"/>
        <testcase name="test_json_store_as_admin_without_payload_and_fail_validation" file="/app/vendor/gammamatrix/playground-test/src/Feature/Http/Controllers/Resource/Playground/StoreJsonTrait.php" line="67" class="Tests\Feature\Playground\Crm\Api\Http\Controllers\Playground\LocationRouteTest" classname="Tests.Feature.Playground.Crm.Api.Http.Controllers.Playground.LocationRouteTest" assertions="5" time="0.211298"/>
        <testcase name="test_json_store_as_admin_and_succeed" file="/app/vendor/gammamatrix/playground-test/src/Feature/Http/Controllers/Resource/Playground/StoreJsonTrait.php" line="93" class="Tests\Feature\Playground\Crm\Api\Http\Controllers\Playground\LocationRouteTest" classname="Tests.Feature.Playground.Crm.Api.Http.Controllers.Playground.LocationRouteTest" assertions="3" time="0.253335"/>
        <testcase name="test_json_guest_cannot_unlock" file="/app/vendor/gammamatrix/playground-test/src/Feature/Http/Controllers/Resource/Playground/UnlockJsonTrait.php" line="37" class="Tests\Feature\Playground\Crm\Api\Http\Controllers\Playground\LocationRouteTest" classname="Tests.Feature.Playground.Crm.Api.Http.Controllers.Playground.LocationRouteTest" assertions="3" time="0.201596"/>
        <testcase name="test_json_unlock_as_admin_and_succeed" file="/app/vendor/gammamatrix/playground-test/src/Feature/Http/Controllers/Resource/Playground/UnlockJsonTrait.php" line="69" class="Tests\Feature\Playground\Crm\Api\Http\Controllers\Playground\LocationRouteTest" classname="Tests.Feature.Playground.Crm.Api.Http.Controllers.Playground.LocationRouteTest" assertions="101" time="0.224950"/>
        <testcase name="test_json_unlock_as_admin_and_succeed_with_no_redirect" file="/app/vendor/gammamatrix/playground-test/src/Feature/Http/Controllers/Resource/Playground/UnlockJsonTrait.php" line="105" class="Tests\Feature\Playground\Crm\Api\Http\Controllers\Playground\LocationRouteTest" classname="Tests.Feature.Playground.Crm.Api.Http.Controllers.Playground.LocationRouteTest" assertions="101" time="0.229123"/>
        <testcase name="test_json_unlock_as_user_and_get_denied" file="/app/vendor/gammamatrix/playground-test/src/Feature/Http/Controllers/Resource/Playground/UnlockJsonTrait.php" line="146" class="Tests\Feature\Playground\Crm\Api\Http\Controllers\Playground\LocationRouteTest" classname="Tests.Feature.Playground.Crm.Api.Http.Controllers.Playground.LocationRouteTest" assertions="3" time="0.219998"/>
        <testcase name="test_json_guest_cannot_update" file="/app/vendor/gammamatrix/playground-test/src/Feature/Http/Controllers/Resource/Playground/UpdateJsonTrait.php" line="46" class="Tests\Feature\Playground\Crm\Api\Http\Controllers\Playground\LocationRouteTest" classname="Tests.Feature.Playground.Crm.Api.Http.Controllers.Playground.LocationRouteTest" assertions="1" time="0.199989"/>
        <testcase name="test_json_update_as_admin_without_payload_and_passes_validation" file="/app/vendor/gammamatrix/playground-test/src/Feature/Http/Controllers/Resource/Playground/UpdateJsonTrait.php" line="66" class="Tests\Feature\Playground\Crm\Api\Http\Controllers\Playground\LocationRouteTest" classname="Tests.Feature.Playground.Crm.Api.Http.Controllers.Playground.LocationRouteTest" assertions="2" time="0.229081"/>
        <testcase name="test_json_admin_can_update" file="/app/vendor/gammamatrix/playground-test/src/Feature/Http/Controllers/Resource/Playground/UpdateJsonTrait.php" line="114" class="Tests\Feature\Playground\Crm\Api\Http\Controllers\Playground\LocationRouteTest" classname="Tests.Feature.Playground.Crm.Api.Http.Controllers.Playground.LocationRouteTest" assertions="103" time="0.264457"/>
      </testsuite>
      <testsuite name="Tests\Feature\Playground\Crm\Api\Http\Controllers\Playground\OrganizationRouteTest" file="/app/tests/Feature/Http/Controllers/Playground/OrganizationRouteTest.php" tests="35" assertions="989" errors="0" failures="0" skipped="0" time="7.473926">
        <testcase name="test_json_guest_cannot_get_create_info" file="/app/vendor/gammamatrix/playground-test/src/Feature/Http/Controllers/Resource/Playground/CreateJsonTrait.php" line="39" class="Tests\Feature\Playground\Crm\Api\Http\Controllers\Playground\OrganizationRouteTest" classname="Tests.Feature.Playground.Crm.Api.Http.Controllers.Playground.OrganizationRouteTest" assertions="1" time="0.184252"/>
        <testcase name="test_json_admin_can_get_create_info" file="/app/vendor/gammamatrix/playground-test/src/Feature/Http/Controllers/Resource/Playground/CreateJsonTrait.php" line="54" class="Tests\Feature\Playground\Crm\Api\Http\Controllers\Playground\OrganizationRouteTest" classname="Tests.Feature.Playground.Crm.Api.Http.Controllers.Playground.OrganizationRouteTest" assertions="99" time="0.208614"/>
        <testcase name="test_json_get_create_info_as_admin_with_invalid_parameter_and_fail_validation" file="/app/vendor/gammamatrix/playground-test/src/Feature/Http/Controllers/Resource/Playground/CreateJsonTrait.php" line="74" class="Tests\Feature\Playground\Crm\Api\Http\Controllers\Playground\OrganizationRouteTest" classname="Tests.Feature.Playground.Crm.Api.Http.Controllers.Playground.OrganizationRouteTest" assertions="4" time="0.204738"/>
        <testcase name="test_json_guest_cannot_destroy" file="/app/vendor/gammamatrix/playground-test/src/Feature/Http/Controllers/Resource/Playground/DestroyJsonTrait.php" line="32" class="Tests\Feature\Playground\Crm\Api\Http\Controllers\Playground\OrganizationRouteTest" classname="Tests.Feature.Playground.Crm.Api.Http.Controllers.Playground.OrganizationRouteTest" assertions="3" time="0.199847"/>
        <testcase name="test_json_destroy_as_admin_and_succeed" file="/app/vendor/gammamatrix/playground-test/src/Feature/Http/Controllers/Resource/Playground/DestroyJsonTrait.php" line="62" class="Tests\Feature\Playground\Crm\Api\Http\Controllers\Playground\OrganizationRouteTest" classname="Tests.Feature.Playground.Crm.Api.Http.Controllers.Playground.OrganizationRouteTest" assertions="5" time="0.209002"/>
        <testcase name="test_json_destroy_as_admin_and_succeed_with_force_delete" file="/app/vendor/gammamatrix/playground-test/src/Feature/Http/Controllers/Resource/Playground/DestroyJsonTrait.php" line="101" class="Tests\Feature\Playground\Crm\Api\Http\Controllers\Playground\OrganizationRouteTest" classname="Tests.Feature.Playground.Crm.Api.Http.Controllers.Playground.OrganizationRouteTest" assertions="4" time="0.207229"/>
        <testcase name="test_json_destroy_as_admin_and_succeed_with_no_content" file="/app/vendor/gammamatrix/playground-test/src/Feature/Http/Controllers/Resource/Playground/DestroyJsonTrait.php" line="133" class="Tests\Feature\Playground\Crm\Api\Http\Controllers\Playground\OrganizationRouteTest" classname="Tests.Feature.Playground.Crm.Api.Http.Controllers.Playground.OrganizationRouteTest" assertions="5" time="0.209534"/>
        <testcase name="test_json_destroy_as_admin_and_succeed_and_ignore_redirect" file="/app/vendor/gammamatrix/playground-test/src/Feature/Http/Controllers/Resource/Playground/DestroyJsonTrait.php" line="168" class="Tests\Feature\Playground\Crm\Api\Http\Controllers\Playground\OrganizationRouteTest" classname="Tests.Feature.Playground.Crm.Api.Http.Controllers.Playground.OrganizationRouteTest" assertions="5" time="0.209054"/>
        <testcase name="test_json_destroy_as_user_and_get_denied_and_no_force_delete_allowed" file="/app/vendor/gammamatrix/playground-test/src/Feature/Http/Controllers/Resource/Playground/DestroyJsonTrait.php" line="210" class="Tests\Feature\Playground\Crm\Api\Http\Controllers\Playground\OrganizationRouteTest" classname="Tests.Feature.Playground.Crm.Api.Http.Controllers.Playground.OrganizationRouteTest" assertions="3" time="0.206352"/>
        <testcase name="test_json_guest_cannot_get_edit_info" file="/app/vendor/gammamatrix/playground-test/src/Feature/Http/Controllers/Resource/Playground/EditJsonTrait.php" line="39" class="Tests\Feature\Playground\Crm\Api\Http\Controllers\Playground\OrganizationRouteTest" classname="Tests.Feature.Playground.Crm.Api.Http.Controllers.Playground.OrganizationRouteTest" assertions="1" time="0.197813"/>
        <testcase name="test_json_admin_can_get_edit_info" file="/app/vendor/gammamatrix/playground-test/src/Feature/Http/Controllers/Resource/Playground/EditJsonTrait.php" line="59" class="Tests\Feature\Playground\Crm\Api\Http\Controllers\Playground\OrganizationRouteTest" classname="Tests.Feature.Playground.Crm.Api.Http.Controllers.Playground.OrganizationRouteTest" assertions="4" time="0.217990"/>
        <testcase name="test_json_edit_as_admin_and_fail_validation_with_invalid_parameter" file="/app/vendor/gammamatrix/playground-test/src/Feature/Http/Controllers/Resource/Playground/EditJsonTrait.php" line="88" class="Tests\Feature\Playground\Crm\Api\Http\Controllers\Playground\OrganizationRouteTest" classname="Tests.Feature.Playground.Crm.Api.Http.Controllers.Playground.OrganizationRouteTest" assertions="4" time="0.221639"/>
        <testcase name="test_json_guest_cannot_get_index" file="/app/vendor/gammamatrix/playground-test/src/Feature/Http/Controllers/Resource/Playground/IndexJsonTrait.php" line="35" class="Tests\Feature\Playground\Crm\Api\Http\Controllers\Playground\OrganizationRouteTest" classname="Tests.Feature.Playground.Crm.Api.Http.Controllers.Playground.OrganizationRouteTest" assertions="1" time="0.195474"/>
        <testcase name="test_json_admin_can_get_index" file="/app/vendor/gammamatrix/playground-test/src/Feature/Http/Controllers/Resource/Playground/IndexJsonTrait.php" line="50" class="Tests\Feature\Playground\Crm\Api\Http\Controllers\Playground\OrganizationRouteTest" classname="Tests.Feature.Playground.Crm.Api.Http.Controllers.Playground.OrganizationRouteTest" assertions="103" time="0.227283"/>
        <testcase name="test_json_admin_can_get_index_with_filters" file="/app/vendor/gammamatrix/playground-test/src/Feature/Http/Controllers/Resource/Playground/IndexJsonTrait.php" line="86" class="Tests\Feature\Playground\Crm\Api\Http\Controllers\Playground\OrganizationRouteTest" classname="Tests.Feature.Playground.Crm.Api.Http.Controllers.Playground.OrganizationRouteTest" assertions="3" time="0.222053"/>
        <testcase name="test_json_guest_cannot_lock" file="/app/vendor/gammamatrix/playground-test/src/Feature/Http/Controllers/Resource/Playground/LockJsonTrait.php" line="37" class="Tests\Feature\Playground\Crm\Api\Http\Controllers\Playground\OrganizationRouteTest" classname="Tests.Feature.Playground.Crm.Api.Http.Controllers.Playground.OrganizationRouteTest" assertions="3" time="0.198173"/>
        <testcase name="test_json_lock_as_admin_and_succeed" file="/app/vendor/gammamatrix/playground-test/src/Feature/Http/Controllers/Resource/Playground/LockJsonTrait.php" line="67" class="Tests\Feature\Playground\Crm\Api\Http\Controllers\Playground\OrganizationRouteTest" classname="Tests.Feature.Playground.Crm.Api.Http.Controllers.Playground.OrganizationRouteTest" assertions="3" time="0.219538"/>
        <testcase name="test_json_lock_as_admin_and_succeed_with_no_redirect" file="/app/vendor/gammamatrix/playground-test/src/Feature/Http/Controllers/Resource/Playground/LockJsonTrait.php" line="99" class="Tests\Feature\Playground\Crm\Api\Http\Controllers\Playground\OrganizationRouteTest" classname="Tests.Feature.Playground.Crm.Api.Http.Controllers.Playground.OrganizationRouteTest" assertions="101" time="0.221131"/>
        <testcase name="test_json_lock_as_user_and_get_denied" file="/app/vendor/gammamatrix/playground-test/src/Feature/Http/Controllers/Resource/Playground/LockJsonTrait.php" line="144" class="Tests\Feature\Playground\Crm\Api\Http\Controllers\Playground\OrganizationRouteTest" classname="Tests.Feature.Playground.Crm.Api.Http.Controllers.Playground.OrganizationRouteTest" assertions="3" time="0.208935"/>
        <testcase name="test_json_guest_cannot_restore" file="/app/vendor/gammamatrix/playground-test/src/Feature/Http/Controllers/Resource/Playground/RestoreJsonTrait.php" line="33" class="Tests\Feature\Playground\Crm\Api\Http\Controllers\Playground\OrganizationRouteTest" classname="Tests.Feature.Playground.Crm.Api.Http.Controllers.Playground.OrganizationRouteTest" assertions="3" time="0.205681"/>
        <testcase name="test_json_restore_as_admin_and_succeed" file="/app/vendor/gammamatrix/playground-test/src/Feature/Http/Controllers/Resource/Playground/RestoreJsonTrait.php" line="65" class="Tests\Feature\Playground\Crm\Api\Http\Controllers\Playground\OrganizationRouteTest" classname="Tests.Feature.Playground.Crm.Api.Http.Controllers.Playground.OrganizationRouteTest" assertions="101" time="0.222506"/>
        <testcase name="test_json_restore_as_admin_and_succeed_with_no_redirect" file="/app/vendor/gammamatrix/playground-test/src/Feature/Http/Controllers/Resource/Playground/RestoreJsonTrait.php" line="101" class="Tests\Feature\Playground\Crm\Api\Http\Controllers\Playground\OrganizationRouteTest" classname="Tests.Feature.Playground.Crm.Api.Http.Controllers.Playground.OrganizationRouteTest" assertions="101" time="0.221752"/>
        <testcase name="test_json_restore_as_user_and_get_denied" file="/app/vendor/gammamatrix/playground-test/src/Feature/Http/Controllers/Resource/Playground/RestoreJsonTrait.php" line="144" class="Tests\Feature\Playground\Crm\Api\Http\Controllers\Playground\OrganizationRouteTest" classname="Tests.Feature.Playground.Crm.Api.Http.Controllers.Playground.OrganizationRouteTest" assertions="3" time="0.214007"/>
        <testcase name="test_json_guest_cannot_see_info" file="/app/vendor/gammamatrix/playground-test/src/Feature/Http/Controllers/Resource/Playground/ShowJsonTrait.php" line="30" class="Tests\Feature\Playground\Crm\Api\Http\Controllers\Playground\OrganizationRouteTest" classname="Tests.Feature.Playground.Crm.Api.Http.Controllers.Playground.OrganizationRouteTest" assertions="1" time="0.200503"/>
        <testcase name="test_json_show_info_for_admin" file="/app/vendor/gammamatrix/playground-test/src/Feature/Http/Controllers/Resource/Playground/ShowJsonTrait.php" line="50" class="Tests\Feature\Playground\Crm\Api\Http\Controllers\Playground\OrganizationRouteTest" classname="Tests.Feature.Playground.Crm.Api.Http.Controllers.Playground.OrganizationRouteTest" assertions="100" time="0.220459"/>
        <testcase name="test_json_guest_cannot_store" file="/app/vendor/gammamatrix/playground-test/src/Feature/Http/Controllers/Resource/Playground/StoreJsonTrait.php" line="44" class="Tests\Feature\Playground\Crm\Api\Http\Controllers\Playground\OrganizationRouteTest" classname="Tests.Feature.Playground.Crm.Api.Http.Controllers.Playground.OrganizationRouteTest" assertions="3" time="0.197281"/>
        <testcase name="test_json_store_as_admin_without_payload_and_fail_validation" file="/app/vendor/gammamatrix/playground-test/src/Feature/Http/Controllers/Resource/Playground/StoreJsonTrait.php" line="67" class="Tests\Feature\Playground\Crm\Api\Http\Controllers\Playground\OrganizationRouteTest" classname="Tests.Feature.Playground.Crm.Api.Http.Controllers.Playground.OrganizationRouteTest" assertions="5" time="0.213352"/>
        <testcase name="test_json_store_as_admin_and_succeed" file="/app/vendor/gammamatrix/playground-test/src/Feature/Http/Controllers/Resource/Playground/StoreJsonTrait.php" line="93" class="Tests\Feature\Playground\Crm\Api\Http\Controllers\Playground\OrganizationRouteTest" classname="Tests.Feature.Playground.Crm.Api.Http.Controllers.Playground.OrganizationRouteTest" assertions="3" time="0.246566"/>
        <testcase name="test_json_guest_cannot_unlock" file="/app/vendor/gammamatrix/playground-test/src/Feature/Http/Controllers/Resource/Playground/UnlockJsonTrait.php" line="37" class="Tests\Feature\Playground\Crm\Api\Http\Controllers\Playground\OrganizationRouteTest" classname="Tests.Feature.Playground.Crm.Api.Http.Controllers.Playground.OrganizationRouteTest" assertions="3" time="0.201353"/>
        <testcase name="test_json_unlock_as_admin_and_succeed" file="/app/vendor/gammamatrix/playground-test/src/Feature/Http/Controllers/Resource/Playground/UnlockJsonTrait.php" line="69" class="Tests\Feature\Playground\Crm\Api\Http\Controllers\Playground\OrganizationRouteTest" classname="Tests.Feature.Playground.Crm.Api.Http.Controllers.Playground.OrganizationRouteTest" assertions="101" time="0.225285"/>
        <testcase name="test_json_unlock_as_admin_and_succeed_with_no_redirect" file="/app/vendor/gammamatrix/playground-test/src/Feature/Http/Controllers/Resource/Playground/UnlockJsonTrait.php" line="105" class="Tests\Feature\Playground\Crm\Api\Http\Controllers\Playground\OrganizationRouteTest" classname="Tests.Feature.Playground.Crm.Api.Http.Controllers.Playground.OrganizationRouteTest" assertions="101" time="0.224398"/>
        <testcase name="test_json_unlock_as_user_and_get_denied" file="/app/vendor/gammamatrix/playground-test/src/Feature/Http/Controllers/Resource/Playground/UnlockJsonTrait.php" line="146" class="Tests\Feature\Playground\Crm\Api\Http\Controllers\Playground\OrganizationRouteTest" classname="Tests.Feature.Playground.Crm.Api.Http.Controllers.Playground.OrganizationRouteTest" assertions="3" time="0.216643"/>
        <testcase name="test_json_guest_cannot_update" file="/app/vendor/gammamatrix/playground-test/src/Feature/Http/Controllers/Resource/Playground/UpdateJsonTrait.php" line="46" class="Tests\Feature\Playground\Crm\Api\Http\Controllers\Playground\OrganizationRouteTest" classname="Tests.Feature.Playground.Crm.Api.Http.Controllers.Playground.OrganizationRouteTest" assertions="1" time="0.200921"/>
        <testcase name="test_json_update_as_admin_without_payload_and_passes_validation" file="/app/vendor/gammamatrix/playground-test/src/Feature/Http/Controllers/Resource/Playground/UpdateJsonTrait.php" line="66" class="Tests\Feature\Playground\Crm\Api\Http\Controllers\Playground\OrganizationRouteTest" classname="Tests.Feature.Playground.Crm.Api.Http.Controllers.Playground.OrganizationRouteTest" assertions="2" time="0.229813"/>
        <testcase name="test_json_admin_can_update" file="/app/vendor/gammamatrix/playground-test/src/Feature/Http/Controllers/Resource/Playground/UpdateJsonTrait.php" line="114" class="Tests\Feature\Playground\Crm\Api\Http\Controllers\Playground\OrganizationRouteTest" classname="Tests.Feature.Playground.Crm.Api.Http.Controllers.Playground.OrganizationRouteTest" assertions="103" time="0.264753"/>
      </testsuite>
      <testsuite name="Tests\Feature\Playground\Crm\Api\Http\Controllers\Playground\PeopleRouteTest" file="/app/tests/Feature/Http/Controllers/Playground/PeopleRouteTest.php" tests="35" assertions="989" errors="0" failures="0" skipped="0" time="7.719968">
        <testcase name="test_json_guest_cannot_get_create_info" file="/app/vendor/gammamatrix/playground-test/src/Feature/Http/Controllers/Resource/Playground/CreateJsonTrait.php" line="39" class="Tests\Feature\Playground\Crm\Api\Http\Controllers\Playground\PeopleRouteTest" classname="Tests.Feature.Playground.Crm.Api.Http.Controllers.Playground.PeopleRouteTest" assertions="1" time="0.191130"/>
        <testcase name="test_json_admin_can_get_create_info" file="/app/vendor/gammamatrix/playground-test/src/Feature/Http/Controllers/Resource/Playground/CreateJsonTrait.php" line="54" class="Tests\Feature\Playground\Crm\Api\Http\Controllers\Playground\PeopleRouteTest" classname="Tests.Feature.Playground.Crm.Api.Http.Controllers.Playground.PeopleRouteTest" assertions="99" time="0.207847"/>
        <testcase name="test_json_get_create_info_as_admin_with_invalid_parameter_and_fail_validation" file="/app/vendor/gammamatrix/playground-test/src/Feature/Http/Controllers/Resource/Playground/CreateJsonTrait.php" line="74" class="Tests\Feature\Playground\Crm\Api\Http\Controllers\Playground\PeopleRouteTest" classname="Tests.Feature.Playground.Crm.Api.Http.Controllers.Playground.PeopleRouteTest" assertions="4" time="0.211258"/>
        <testcase name="test_json_guest_cannot_destroy" file="/app/vendor/gammamatrix/playground-test/src/Feature/Http/Controllers/Resource/Playground/DestroyJsonTrait.php" line="32" class="Tests\Feature\Playground\Crm\Api\Http\Controllers\Playground\PeopleRouteTest" classname="Tests.Feature.Playground.Crm.Api.Http.Controllers.Playground.PeopleRouteTest" assertions="3" time="0.195674"/>
        <testcase name="test_json_destroy_as_admin_and_succeed" file="/app/vendor/gammamatrix/playground-test/src/Feature/Http/Controllers/Resource/Playground/DestroyJsonTrait.php" line="62" class="Tests\Feature\Playground\Crm\Api\Http\Controllers\Playground\PeopleRouteTest" classname="Tests.Feature.Playground.Crm.Api.Http.Controllers.Playground.PeopleRouteTest" assertions="5" time="0.208823"/>
        <testcase name="test_json_destroy_as_admin_and_succeed_with_force_delete" file="/app/vendor/gammamatrix/playground-test/src/Feature/Http/Controllers/Resource/Playground/DestroyJsonTrait.php" line="101" class="Tests\Feature\Playground\Crm\Api\Http\Controllers\Playground\PeopleRouteTest" classname="Tests.Feature.Playground.Crm.Api.Http.Controllers.Playground.PeopleRouteTest" assertions="4" time="0.209716"/>
        <testcase name="test_json_destroy_as_admin_and_succeed_with_no_content" file="/app/vendor/gammamatrix/playground-test/src/Feature/Http/Controllers/Resource/Playground/DestroyJsonTrait.php" line="133" class="Tests\Feature\Playground\Crm\Api\Http\Controllers\Playground\PeopleRouteTest" classname="Tests.Feature.Playground.Crm.Api.Http.Controllers.Playground.PeopleRouteTest" assertions="5" time="0.210464"/>
        <testcase name="test_json_destroy_as_admin_and_succeed_and_ignore_redirect" file="/app/vendor/gammamatrix/playground-test/src/Feature/Http/Controllers/Resource/Playground/DestroyJsonTrait.php" line="168" class="Tests\Feature\Playground\Crm\Api\Http\Controllers\Playground\PeopleRouteTest" classname="Tests.Feature.Playground.Crm.Api.Http.Controllers.Playground.PeopleRouteTest" assertions="5" time="0.211094"/>
        <testcase name="test_json_destroy_as_user_and_get_denied_and_no_force_delete_allowed" file="/app/vendor/gammamatrix/playground-test/src/Feature/Http/Controllers/Resource/Playground/DestroyJsonTrait.php" line="210" class="Tests\Feature\Playground\Crm\Api\Http\Controllers\Playground\PeopleRouteTest" classname="Tests.Feature.Playground.Crm.Api.Http.Controllers.Playground.PeopleRouteTest" assertions="3" time="0.213980"/>
        <testcase name="test_json_guest_cannot_get_edit_info" file="/app/vendor/gammamatrix/playground-test/src/Feature/Http/Controllers/Resource/Playground/EditJsonTrait.php" line="39" class="Tests\Feature\Playground\Crm\Api\Http\Controllers\Playground\PeopleRouteTest" classname="Tests.Feature.Playground.Crm.Api.Http.Controllers.Playground.PeopleRouteTest" assertions="1" time="0.203780"/>
        <testcase name="test_json_admin_can_get_edit_info" file="/app/vendor/gammamatrix/playground-test/src/Feature/Http/Controllers/Resource/Playground/EditJsonTrait.php" line="59" class="Tests\Feature\Playground\Crm\Api\Http\Controllers\Playground\PeopleRouteTest" classname="Tests.Feature.Playground.Crm.Api.Http.Controllers.Playground.PeopleRouteTest" assertions="4" time="0.229002"/>
        <testcase name="test_json_edit_as_admin_and_fail_validation_with_invalid_parameter" file="/app/vendor/gammamatrix/playground-test/src/Feature/Http/Controllers/Resource/Playground/EditJsonTrait.php" line="88" class="Tests\Feature\Playground\Crm\Api\Http\Controllers\Playground\PeopleRouteTest" classname="Tests.Feature.Playground.Crm.Api.Http.Controllers.Playground.PeopleRouteTest" assertions="4" time="0.224412"/>
        <testcase name="test_json_guest_cannot_get_index" file="/app/vendor/gammamatrix/playground-test/src/Feature/Http/Controllers/Resource/Playground/IndexJsonTrait.php" line="35" class="Tests\Feature\Playground\Crm\Api\Http\Controllers\Playground\PeopleRouteTest" classname="Tests.Feature.Playground.Crm.Api.Http.Controllers.Playground.PeopleRouteTest" assertions="1" time="0.198993"/>
        <testcase name="test_json_admin_can_get_index" file="/app/vendor/gammamatrix/playground-test/src/Feature/Http/Controllers/Resource/Playground/IndexJsonTrait.php" line="50" class="Tests\Feature\Playground\Crm\Api\Http\Controllers\Playground\PeopleRouteTest" classname="Tests.Feature.Playground.Crm.Api.Http.Controllers.Playground.PeopleRouteTest" assertions="103" time="0.231579"/>
        <testcase name="test_json_admin_can_get_index_with_filters" file="/app/vendor/gammamatrix/playground-test/src/Feature/Http/Controllers/Resource/Playground/IndexJsonTrait.php" line="86" class="Tests\Feature\Playground\Crm\Api\Http\Controllers\Playground\PeopleRouteTest" classname="Tests.Feature.Playground.Crm.Api.Http.Controllers.Playground.PeopleRouteTest" assertions="3" time="0.229576"/>
        <testcase name="test_json_guest_cannot_lock" file="/app/vendor/gammamatrix/playground-test/src/Feature/Http/Controllers/Resource/Playground/LockJsonTrait.php" line="37" class="Tests\Feature\Playground\Crm\Api\Http\Controllers\Playground\PeopleRouteTest" classname="Tests.Feature.Playground.Crm.Api.Http.Controllers.Playground.PeopleRouteTest" assertions="3" time="0.200567"/>
        <testcase name="test_json_lock_as_admin_and_succeed" file="/app/vendor/gammamatrix/playground-test/src/Feature/Http/Controllers/Resource/Playground/LockJsonTrait.php" line="67" class="Tests\Feature\Playground\Crm\Api\Http\Controllers\Playground\PeopleRouteTest" classname="Tests.Feature.Playground.Crm.Api.Http.Controllers.Playground.PeopleRouteTest" assertions="3" time="0.234877"/>
        <testcase name="test_json_lock_as_admin_and_succeed_with_no_redirect" file="/app/vendor/gammamatrix/playground-test/src/Feature/Http/Controllers/Resource/Playground/LockJsonTrait.php" line="99" class="Tests\Feature\Playground\Crm\Api\Http\Controllers\Playground\PeopleRouteTest" classname="Tests.Feature.Playground.Crm.Api.Http.Controllers.Playground.PeopleRouteTest" assertions="101" time="0.239692"/>
        <testcase name="test_json_lock_as_user_and_get_denied" file="/app/vendor/gammamatrix/playground-test/src/Feature/Http/Controllers/Resource/Playground/LockJsonTrait.php" line="144" class="Tests\Feature\Playground\Crm\Api\Http\Controllers\Playground\PeopleRouteTest" classname="Tests.Feature.Playground.Crm.Api.Http.Controllers.Playground.PeopleRouteTest" assertions="3" time="0.214070"/>
        <testcase name="test_json_guest_cannot_restore" file="/app/vendor/gammamatrix/playground-test/src/Feature/Http/Controllers/Resource/Playground/RestoreJsonTrait.php" line="33" class="Tests\Feature\Playground\Crm\Api\Http\Controllers\Playground\PeopleRouteTest" classname="Tests.Feature.Playground.Crm.Api.Http.Controllers.Playground.PeopleRouteTest" assertions="3" time="0.202877"/>
        <testcase name="test_json_restore_as_admin_and_succeed" file="/app/vendor/gammamatrix/playground-test/src/Feature/Http/Controllers/Resource/Playground/RestoreJsonTrait.php" line="65" class="Tests\Feature\Playground\Crm\Api\Http\Controllers\Playground\PeopleRouteTest" classname="Tests.Feature.Playground.Crm.Api.Http.Controllers.Playground.PeopleRouteTest" assertions="101" time="0.230094"/>
        <testcase name="test_json_restore_as_admin_and_succeed_with_no_redirect" file="/app/vendor/gammamatrix/playground-test/src/Feature/Http/Controllers/Resource/Playground/RestoreJsonTrait.php" line="101" class="Tests\Feature\Playground\Crm\Api\Http\Controllers\Playground\PeopleRouteTest" classname="Tests.Feature.Playground.Crm.Api.Http.Controllers.Playground.PeopleRouteTest" assertions="101" time="0.231596"/>
        <testcase name="test_json_restore_as_user_and_get_denied" file="/app/vendor/gammamatrix/playground-test/src/Feature/Http/Controllers/Resource/Playground/RestoreJsonTrait.php" line="144" class="Tests\Feature\Playground\Crm\Api\Http\Controllers\Playground\PeopleRouteTest" classname="Tests.Feature.Playground.Crm.Api.Http.Controllers.Playground.PeopleRouteTest" assertions="3" time="0.216793"/>
        <testcase name="test_json_guest_cannot_see_info" file="/app/vendor/gammamatrix/playground-test/src/Feature/Http/Controllers/Resource/Playground/ShowJsonTrait.php" line="30" class="Tests\Feature\Playground\Crm\Api\Http\Controllers\Playground\PeopleRouteTest" classname="Tests.Feature.Playground.Crm.Api.Http.Controllers.Playground.PeopleRouteTest" assertions="1" time="0.200433"/>
        <testcase name="test_json_show_info_for_admin" file="/app/vendor/gammamatrix/playground-test/src/Feature/Http/Controllers/Resource/Playground/ShowJsonTrait.php" line="50" class="Tests\Feature\Playground\Crm\Api\Http\Controllers\Playground\PeopleRouteTest" classname="Tests.Feature.Playground.Crm.Api.Http.Controllers.Playground.PeopleRouteTest" assertions="100" time="0.236592"/>
        <testcase name="test_json_guest_cannot_store" file="/app/vendor/gammamatrix/playground-test/src/Feature/Http/Controllers/Resource/Playground/StoreJsonTrait.php" line="44" class="Tests\Feature\Playground\Crm\Api\Http\Controllers\Playground\PeopleRouteTest" classname="Tests.Feature.Playground.Crm.Api.Http.Controllers.Playground.PeopleRouteTest" assertions="3" time="0.203742"/>
        <testcase name="test_json_store_as_admin_without_payload_and_fail_validation" file="/app/vendor/gammamatrix/playground-test/src/Feature/Http/Controllers/Resource/Playground/StoreJsonTrait.php" line="67" class="Tests\Feature\Playground\Crm\Api\Http\Controllers\Playground\PeopleRouteTest" classname="Tests.Feature.Playground.Crm.Api.Http.Controllers.Playground.PeopleRouteTest" assertions="5" time="0.215119"/>
        <testcase name="test_json_store_as_admin_and_succeed" file="/app/vendor/gammamatrix/playground-test/src/Feature/Http/Controllers/Resource/Playground/StoreJsonTrait.php" line="93" class="Tests\Feature\Playground\Crm\Api\Http\Controllers\Playground\PeopleRouteTest" classname="Tests.Feature.Playground.Crm.Api.Http.Controllers.Playground.PeopleRouteTest" assertions="3" time="0.260070"/>
        <testcase name="test_json_guest_cannot_unlock" file="/app/vendor/gammamatrix/playground-test/src/Feature/Http/Controllers/Resource/Playground/UnlockJsonTrait.php" line="37" class="Tests\Feature\Playground\Crm\Api\Http\Controllers\Playground\PeopleRouteTest" classname="Tests.Feature.Playground.Crm.Api.Http.Controllers.Playground.PeopleRouteTest" assertions="3" time="0.210341"/>
        <testcase name="test_json_unlock_as_admin_and_succeed" file="/app/vendor/gammamatrix/playground-test/src/Feature/Http/Controllers/Resource/Playground/UnlockJsonTrait.php" line="69" class="Tests\Feature\Playground\Crm\Api\Http\Controllers\Playground\PeopleRouteTest" classname="Tests.Feature.Playground.Crm.Api.Http.Controllers.Playground.PeopleRouteTest" assertions="101" time="0.233605"/>
        <testcase name="test_json_unlock_as_admin_and_succeed_with_no_redirect" file="/app/vendor/gammamatrix/playground-test/src/Feature/Http/Controllers/Resource/Playground/UnlockJsonTrait.php" line="105" class="Tests\Feature\Playground\Crm\Api\Http\Controllers\Playground\PeopleRouteTest" classname="Tests.Feature.Playground.Crm.Api.Http.Controllers.Playground.PeopleRouteTest" assertions="101" time="0.235412"/>
        <testcase name="test_json_unlock_as_user_and_get_denied" file="/app/vendor/gammamatrix/playground-test/src/Feature/Http/Controllers/Resource/Playground/UnlockJsonTrait.php" line="146" class="Tests\Feature\Playground\Crm\Api\Http\Controllers\Playground\PeopleRouteTest" classname="Tests.Feature.Playground.Crm.Api.Http.Controllers.Playground.PeopleRouteTest" assertions="3" time="0.219317"/>
        <testcase name="test_json_guest_cannot_update" file="/app/vendor/gammamatrix/playground-test/src/Feature/Http/Controllers/Resource/Playground/UpdateJsonTrait.php" line="46" class="Tests\Feature\Playground\Crm\Api\Http\Controllers\Playground\PeopleRouteTest" classname="Tests.Feature.Playground.Crm.Api.Http.Controllers.Playground.PeopleRouteTest" assertions="1" time="0.208522"/>
        <testcase name="test_json_update_as_admin_without_payload_and_passes_validation" file="/app/vendor/gammamatrix/playground-test/src/Feature/Http/Controllers/Resource/Playground/UpdateJsonTrait.php" line="66" class="Tests\Feature\Playground\Crm\Api\Http\Controllers\Playground\PeopleRouteTest" classname="Tests.Feature.Playground.Crm.Api.Http.Controllers.Playground.PeopleRouteTest" assertions="2" time="0.241711"/>
        <testcase name="test_json_admin_can_update" file="/app/vendor/gammamatrix/playground-test/src/Feature/Http/Controllers/Resource/Playground/UpdateJsonTrait.php" line="114" class="Tests\Feature\Playground\Crm\Api\Http\Controllers\Playground\PeopleRouteTest" classname="Tests.Feature.Playground.Crm.Api.Http.Controllers.Playground.PeopleRouteTest" assertions="103" time="0.307211"/>
      </testsuite>
      <testsuite name="Tests\Feature\Playground\Crm\Api\Http\Requests\FormRequest\InstanceTest" file="/app/tests/Feature/Http/Requests/FormRequest/InstanceTest.php" tests="1" assertions="1" errors="0" failures="0" skipped="0" time="0.184560">
        <testcase name="test_form_request_authorize_with_admin" file="/app/tests/Feature/Http/Requests/FormRequest/InstanceTest.php" line="23" class="Tests\Feature\Playground\Crm\Api\Http\Requests\FormRequest\InstanceTest" classname="Tests.Feature.Playground.Crm.Api.Http.Requests.FormRequest.InstanceTest" assertions="1" time="0.184560"/>
      </testsuite>
    </testsuite>
  </testsuite>
</testsuites>
